{
  "version": "2",
  "hash": "",
  "state_root_hash": "",
  "event_root_hash": "",
  "gas_used": "600",
  "success": false,
  "vm_status": "Transaction Executed and Committed with Error LINKER_ERROR",
  "accumulator_root_hash": "",
  "changes": [
    {
      "address": "0xa550c18",
      "state_key_hash": "",
      "data": {
        "type": {
          "address": "0x1",
          "module": "account",
          "name": "Account",
          "generic_type_params": []
        },
        "data": {
          "authentication_key": "0xcef8ffd1ab9017e96132df8a56b22de39a8155e1c3fc32affbbf93eb624b532a",
          "coin_register_events": {
            "counter": "0",
            "guid": {
              "id": {
                "addr": "0xa550c18",
                "creation_num": "0"
              }
            }
          },
          "self_address": "0xa550c18",
          "sequence_number": "1"
        }
      },
      "type": "write_resource"
    }
  ],
  "sender": "0xa550c18",
  "sequence_number": "0",
  "max_gas_amount": "4000000",
  "gas_unit_price": "0",
  "expiration_timestamp_secs": "18446744073709551615",
  "payload": {
    "function": {
      "module": {
        "address": "0x1",
        "name": "Coin"
      },
      "name": "transfer"
    },
    "type_arguments": [
      "0x1::aptos_coin::AptosCoin"
    ],
    "arguments": [
      "0x00000000000000000000000000000000000000000000000000000000000000dd",
      "0x01"
    ],
    "type": "script_function_payload"
  },
  "signature": {
    "public_key": "0x14418f867a0bd6d42abb2daa50cd68a5a869ce208282481f57504f630510d0d3",
    "signature": "0x5394355a01cf0e9dd4fe1e32825429f2b208d1a17ee053ed3873aebeb54a7c8ea551b3a3d2035b606f0f4eab126425b9786c1126d8beb9374506e6f907ee9104",
    "type": "ed_25519_signature"
  },
  "events": [],
  "timestamp": "1",
  "type": "user_transaction"
}
