{
  "message": "failed to parse path `resource_type`: failed to parse \"MoveStructTag\": invalid struct tag: 0x1::GUID_Generator, expected token ColonColon, got EOF",
  "error_code": null,
  "aptos_ledger_version": null
}
