{
  "message": "parse request payload error: Expected input type \"ScriptFunctionId\", found \"0x1::invalid::invalid\". (occurred while parsing \"ScriptFunctionPayload\") (occurred while parsing \"TransactionPayload\") (occurred while parsing \"UserTransactionRequestInner\") (occurred while parsing \"EncodeSubmissionRequest\")",
  "error_code": null,
  "aptos_ledger_version": null
}
