{
  "version": "5",
  "hash": "",
  "state_root_hash": "",
  "event_root_hash": "",
  "gas_used": "1",
  "success": false,
  "vm_status": "Transaction Executed and Committed with Error LINKER_ERROR",
  "accumulator_root_hash": "",
  "changes": [
    {
      "address": "0x34bf7e2d17674feb234371a7ea58efd715f0e56ba20ebf13789480d9d643afaf",
      "state_key_hash": "",
      "data": {
        "type": {
          "address": "0x1",
          "module": "account",
          "name": "Account",
          "generic_type_params": []
        },
        "data": {
          "authentication_key": "0x34bf7e2d17674feb234371a7ea58efd715f0e56ba20ebf13789480d9d643afaf",
          "coin_register_events": {
            "counter": "1",
            "guid": {
              "id": {
                "addr": "0x34bf7e2d17674feb234371a7ea58efd715f0e56ba20ebf13789480d9d643afaf",
                "creation_num": "0"
              }
            }
          },
          "self_address": "0x34bf7e2d17674feb234371a7ea58efd715f0e56ba20ebf13789480d9d643afaf",
          "sequence_number": "1"
        }
      },
      "type": "write_resource"
    }
  ],
  "sender": "0x34bf7e2d17674feb234371a7ea58efd715f0e56ba20ebf13789480d9d643afaf",
  "sequence_number": "0",
  "max_gas_amount": "2000",
  "gas_unit_price": "0",
  "expiration_timestamp_secs": "18446744073709551615",
  "payload": {
    "function": {
      "module": {
        "address": "0x1",
        "name": "Coin"
      },
      "name": "transfer"
    },
    "type_arguments": [
      "0x1::aptos_coin::AptosCoin"
    ],
    "arguments": [
      "0x00000000000000000000000000000000000000000000000000000000000000dd",
      "0x7b00000000000000"
    ],
    "type": "script_function_payload"
  },
  "signature": {
    "public_key": "0xd5a781494d2bf1a174ddffde1e02cb8881cff6dab70e61cbdef393deac0ce639",
    "signature": "0x8eeb6a69f8f2534b378651d3fd2c0428818cb1a87cb305cb87791528be14d47e7573ef1f2a3a7c812a201e152e34a2f662aa7ea950600609d438357032e3e804",
    "type": "ed_25519_signature"
  },
  "events": [],
  "timestamp": "2",
  "type": "user_transaction"
}
