{
  "message": "payload too large",
  "error_code": null,
  "aptos_ledger_version": null
}
