[
  {
    "type": "block_metadata_transaction",
    "version": "1",
    "hash": "0xa7ec7246c510563a87141e5936b16a02d4acff7cb29b9cdbaf5bcd7772bd1dfc",
    "state_root_hash": "0xf65b68a0685fb7c67fbea5900316dc32d557ce5b0fb479fde22ecd6a643ed30b",
    "event_root_hash": "0x8f0766912895669a4ab13dc38d57a4975aa4e0676511146ff18b656b09775fe2",
    "gas_used": "0",
    "success": true,
    "vm_status": "Executed successfully",
    "accumulator_root_hash": "0x5cb705b2d6ee6d59cc8c1742f03f7f470048b02952a78ea9833eaded18d054d2",
    "changes": [
      {
        "type": "write_resource",
        "address": "0xa550c18",
        "state_key_hash": "0x550e874b4e66c3373f7abb8679fe80a30ee6ac42b7fd36405e6fee3497db3644",
        "data": {
          "type": "0x1::Block::BlockMetadata",
          "data": {
            "epoch_internal": "86400000000",
            "height": "1",
            "new_block_events": {
              "counter": "1",
              "guid": {
                "guid": {
                  "id": {
                    "addr": "0xa550c18",
                    "creation_num": "5"
                  }
                },
                "len_bytes": 40
              }
            }
          }
        }
      },
      {
        "type": "write_resource",
        "address": "0xa550c18",
        "state_key_hash": "0xdf50ba6ee48e54cfd5be7de72641a008190d5bcaaceb5504e5c988732a8f98f5",
        "data": {
          "type": "0x1::Timestamp::CurrentTimeMicroseconds",
          "data": {
            "microseconds": "1"
          }
        }
      }
    ],
    "id": "0xf44b581f23222c10916b17a369b4da039d075952b58036f2a7b561446592403c",
    "round": "1",
    "previous_block_votes": [],
    "proposer": "0xf85fd00e30cd388d2609db24d6cc44f2652f27413456938eaa059f65231647cc",
    "timestamp": "1"
  },
  {
    "type": "user_transaction",
    "version": "2",
    "hash": "0xab573777842a7e334ebe7c269717baa8a7bc4bdf28cdc2d288099ef267f09ccd",
    "state_root_hash": "0x76f1a6ce916d1b9533407c18b2e07cb59a4edbc2b8eb2e0adeb535e624693615",
    "event_root_hash": "0x414343554d554c41544f525f504c414345484f4c4445525f4841534800000000",
    "gas_used": "92",
    "success": true,
    "vm_status": "Executed successfully",
    "accumulator_root_hash": "0x97491f9ce4fd60d9322d1e4657b32c09875877fb98ad98f883b1e861e5dd5012",
    "changes": [
      {
        "type": "write_resource",
        "address": "0xa550c18",
        "state_key_hash": "0x1e24e72081eba6c211d081095185a977809a76010b12dfa2a8983ccb1113ad71",
        "data": {
          "type": "0x1::Account::Account",
          "data": {
            "authentication_key": "0x7deeccb1080854f499ec8b4c1b213b82c5e34b925cf6875fec02d4b77adbd2d6",
            "self_address": "0xa550c18",
            "sequence_number": "1"
          }
        }
      },
      {
        "type": "write_resource",
        "address": "0xa550c18",
        "state_key_hash": "0x515bab035b131fd25d8298be2c7f8b5afb409adea378f3d87a5b0dd170236d28",
        "data": {
          "type": "0x1::TestCoin::Balance",
          "data": {
            "coin": {
              "value": "18446744073709551614"
            }
          }
        }
      },
      {
        "type": "write_resource",
        "address": "0xe60912ecb0a8c365d163d258f3b9f1b62f8f9148c207643864d7ed4a2b23159",
        "state_key_hash": "0xeb42628da452dfc4a6564af882404470cc00947b20e6c905a19b7190323279b3",
        "data": {
          "type": "0x1::Account::Account",
          "data": {
            "authentication_key": "0x0e60912ecb0a8c365d163d258f3b9f1b62f8f9148c207643864d7ed4a2b23159",
            "self_address": "0xe60912ecb0a8c365d163d258f3b9f1b62f8f9148c207643864d7ed4a2b23159",
            "sequence_number": "0"
          }
        }
      },
      {
        "type": "write_resource",
        "address": "0xe60912ecb0a8c365d163d258f3b9f1b62f8f9148c207643864d7ed4a2b23159",
        "state_key_hash": "0x7ec1fec484c512b21caa026e42303a506d6241867094b5b2c183ab7b6a40571e",
        "data": {
          "type": "0x1::GUID::Generator",
          "data": {
            "counter": "2"
          }
        }
      },
      {
        "type": "write_resource",
        "address": "0xe60912ecb0a8c365d163d258f3b9f1b62f8f9148c207643864d7ed4a2b23159",
        "state_key_hash": "0x6e7806edb7df1ab080c860700cff2395d80186f0312412f1b22dff8e81eef6d8",
        "data": {
          "type": "0x1::TestCoin::Balance",
          "data": {
            "coin": {
              "value": "0"
            }
          }
        }
      },
      {
        "type": "write_resource",
        "address": "0xe60912ecb0a8c365d163d258f3b9f1b62f8f9148c207643864d7ed4a2b23159",
        "state_key_hash": "0xdbaa51ff12d3e953f3caa81c3dc5b8ee54b5ddea86462f5a30402e82dabe3a5b",
        "data": {
          "type": "0x1::TestCoin::TransferEvents",
          "data": {
            "received_events": {
              "counter": "0",
              "guid": {
                "guid": {
                  "id": {
                    "addr": "0xe60912ecb0a8c365d163d258f3b9f1b62f8f9148c207643864d7ed4a2b23159",
                    "creation_num": "1"
                  }
                },
                "len_bytes": 40
              }
            },
            "sent_events": {
              "counter": "0",
              "guid": {
                "guid": {
                  "id": {
                    "addr": "0xe60912ecb0a8c365d163d258f3b9f1b62f8f9148c207643864d7ed4a2b23159",
                    "creation_num": "0"
                  }
                },
                "len_bytes": 40
              }
            }
          }
        }
      }
    ],
    "sender": "0xa550c18",
    "sequence_number": "0",
    "max_gas_amount": "2000",
    "gas_unit_price": "0",
    "expiration_timestamp_secs": "18446744073709551615",
    "payload": {
      "type": "script_function_payload",
      "function": "0x1::Account::create_account",
      "type_arguments": [],
      "arguments": [
        "0xe60912ecb0a8c365d163d258f3b9f1b62f8f9148c207643864d7ed4a2b23159"
      ]
    },
    "signature": {
      "type": "ed25519_signature",
      "public_key": "0xb9c6ee1630ef3e711144a648db06bbb2284f7274cfbee53ffcee503cc1a49200",
      "signature": "0x368cd71ddb9e8710823f1fb4feeaa2fe3cf814e56c1b151161157ce8090822809344962b8f10ae141387484aca5c5ffd32a6ddb18973b37c7c847ebdf7493504"
    },
    "events": [],
    "timestamp": "1"
  }
]
