{
  "message": "failed to parse path `address`: failed to parse \"string(Address)\": Invalid account address: Hex characters are invalid: Invalid character 'x' at position 62",
  "error_code": "web_framework_error",
  "vm_error_code": null
}
{
  "message": "failed to parse path `address`: failed to parse \"string(Address)\": Invalid account address: Hex characters are invalid: Invalid character 'z' at position 62",
  "error_code": "web_framework_error",
  "vm_error_code": null
}
