{
  "type": "user_transaction",
  "version": "2",
  "hash": "0x7e7cce0816c8893b387ee9df6639b76057b451fa2ee7fad79b150d1e5ab39972",
  "state_root_hash": "0x14f18c167feff0a437426ae8137e94d54573569ab6aca1dcb01796858a44a605",
  "event_root_hash": "0x414343554d554c41544f525f504c414345484f4c4445525f4841534800000000",
  "gas_used": "1",
  "success": false,
  "vm_status": "Move bytecode deserialization / verification failed, including script function not found or invalid arguments",
  "accumulator_root_hash": "0xdb18f8f83c6489eb763410751cb0a56d27aa7fd2f8eb1aac59bbf7b1a5a95f98",
  "sender": "0xa550c18",
  "sequence_number": "0",
  "max_gas_amount": "1000",
  "gas_unit_price": "0",
  "gas_currency_code": "XUS",
  "expiration_timestamp_secs": "18446744073709551615",
  "payload": {
    "type": "script_function_payload",
    "function": "0x1::TestCoinInvalid::transfer",
    "type_arguments": [],
    "arguments": [
      "0x00000000000000000000000000000000000000000000000000000000000000dd",
      "0x0100000000000000"
    ]
  },
  "signature": {
    "type": "ed25519_signature",
    "public_key": "0xb9c6ee1630ef3e711144a648db06bbb2284f7274cfbee53ffcee503cc1a49200",
    "signature": "0xeaee467894acc7b18eb3614430176a8254a986fcb47077a5535ae3b019ce895084487df1b0ef5062a6139b891792e2c1c4538d582b2a553b0f86951b9c76db0e"
  },
  "events": [],
  "timestamp": "1"
}
