{
  "type": "user_transaction",
  "version": "2",
  "hash": "0x94ea91ca86dabbe323c8d6ce9dccaa981e713dee84ef5b649a519a11f0688efb",
  "state_root_hash": "0xa8c0cc35de6613e7eb0cd2310607b71e91ff9d4e0c8b3a8c42e15b8c7dca8de1",
  "event_root_hash": "0x414343554d554c41544f525f504c414345484f4c4445525f4841534800000000",
  "gas_used": "1",
  "success": false,
  "vm_status": "Move bytecode deserialization / verification failed, including script function not found or invalid arguments",
  "accumulator_root_hash": "0xef39053f204be0133d79e3972f7bf7db5df93ea0558b7a9f0042c0060aa8d0cc",
  "sender": "0xa550c18",
  "sequence_number": "0",
  "max_gas_amount": "1000",
  "gas_unit_price": "0",
  "gas_currency_code": "XUS",
  "expiration_timestamp_secs": "18446744073709551615",
  "payload": {
    "type": "module_bundle_payload",
    "modules": [
      {
        "bytecode": "0xa11ceb0b030000",
        "abi": null
      }
    ]
  },
  "signature": {
    "type": "ed25519_signature",
    "public_key": "0xb9c6ee1630ef3e711144a648db06bbb2284f7274cfbee53ffcee503cc1a49200",
    "signature": "0x1a77c985b9f6bcbdd6f5a0211bfaa36ad439105b14e7f7b6d2ff55286f112071e8ba96797ed804975a4b8df48fb0a6ba2c647cb54e31ea27fc95cdfd799ee109"
  },
  "events": [],
  "timestamp": "1"
}
