[
  {
    "version": "1",
    "hash": "",
    "state_change_hash": "",
    "event_root_hash": "",
    "state_checkpoint_hash": null,
    "gas_used": "0",
    "success": true,
    "vm_status": "Executed successfully",
    "accumulator_root_hash": "",
    "changes": [
      {
        "address": "0x1",
        "state_key_hash": "",
        "data": {
          "type": "0x1::block::BlockResource",
          "data": {
            "epoch_interval": "86400000000",
            "height": "1",
            "new_block_events": {
              "counter": "2",
              "guid": {
                "id": {
                  "addr": "0x1",
                  "creation_num": "3"
                }
              }
            },
            "update_epoch_interval_events": {
              "counter": "0",
              "guid": {
                "id": {
                  "addr": "0x1",
                  "creation_num": "4"
                }
              }
            }
          }
        },
        "type": "write_resource"
      },
      {
        "address": "0x1",
        "state_key_hash": "",
        "data": {
          "type": "0x1::stake::ValidatorPerformance",
          "data": {
            "validators": [
              {
                "failed_proposals": "0",
                "successful_proposals": "1"
              }
            ]
          }
        },
        "type": "write_resource"
      },
      {
        "address": "0x1",
        "state_key_hash": "",
        "data": {
          "type": "0x1::timestamp::CurrentTimeMicroseconds",
          "data": {
            "microseconds": "500000"
          }
        },
        "type": "write_resource"
      },
      {
        "address": "0x1",
        "state_key_hash": "",
        "data": {
          "type": "0x1::state_storage::StateStorageUsage",
          "data": "state storage omitted"
        },
        "type": "write_resource"
      }
    ],
    "id": "0x4e9016838657edfae09cb9a71eb219025c4c87a67c4aaa86f20ac0aa792bc121",
    "epoch": "0",
    "round": "1",
    "events": [
      {
        "key": "0x03000000000000000000000000000000000000000000000000000000000000000000000000000001",
        "sequence_number": "1",
        "type": "0x1::block::NewBlockEvent",
        "data": {
          "epoch": "0",
          "failed_proposer_indices": [],
          "hash": "",
          "height": "1",
          "previous_block_votes_bitvec": "0x00",
          "proposer": "0x66b22b7465af92a9dc8d07d2878716d9dffbbb280830a7d8cf80334b5da812ef",
          "round": "1",
          "time_microseconds": "500000"
        }
      }
    ],
    "previous_block_votes_bitvec": [
      0
    ],
    "proposer": "0x66b22b7465af92a9dc8d07d2878716d9dffbbb280830a7d8cf80334b5da812ef",
    "failed_proposer_indices": [],
    "timestamp": "500000",
    "type": "block_metadata_transaction"
  },
  {
    "version": "2",
    "hash": "",
    "state_change_hash": "",
    "event_root_hash": "",
    "state_checkpoint_hash": null,
    "gas_used": "50",
    "success": true,
    "vm_status": "Executed successfully",
    "accumulator_root_hash": "",
    "changes": [
      {
        "address": "0xa550c18",
        "state_key_hash": "",
        "data": {
          "type": "0x1::account::Account",
          "data": {
            "authentication_key": "0xcef8ffd1ab9017e96132df8a56b22de39a8155e1c3fc32affbbf93eb624b532a",
            "coin_register_events": {
              "counter": "1",
              "guid": {
                "id": {
                  "addr": "0xa550c18",
                  "creation_num": "0"
                }
              }
            },
            "guid_creation_num": "4",
            "key_rotation_events": {
              "counter": "0",
              "guid": {
                "id": {
                  "addr": "0xa550c18",
                  "creation_num": "1"
                }
              }
            },
            "rotation_capability_offer": {
              "for": {
                "vec": []
              }
            },
            "sequence_number": "1",
            "signer_capability_offer": {
              "for": {
                "vec": []
              }
            }
          }
        },
        "type": "write_resource"
      },
      {
        "address": "0x34bf7e2d17674feb234371a7ea58efd715f0e56ba20ebf13789480d9d643afaf",
        "state_key_hash": "",
        "data": {
          "type": "0x1::coin::CoinStore<0x1::aptos_coin::AptosCoin>",
          "data": {
            "coin": {
              "value": "0"
            },
            "deposit_events": {
              "counter": "0",
              "guid": {
                "id": {
                  "addr": "0x34bf7e2d17674feb234371a7ea58efd715f0e56ba20ebf13789480d9d643afaf",
                  "creation_num": "2"
                }
              }
            },
            "frozen": false,
            "withdraw_events": {
              "counter": "0",
              "guid": {
                "id": {
                  "addr": "0x34bf7e2d17674feb234371a7ea58efd715f0e56ba20ebf13789480d9d643afaf",
                  "creation_num": "3"
                }
              }
            }
          }
        },
        "type": "write_resource"
      },
      {
        "address": "0x34bf7e2d17674feb234371a7ea58efd715f0e56ba20ebf13789480d9d643afaf",
        "state_key_hash": "",
        "data": {
          "type": "0x1::account::Account",
          "data": {
            "authentication_key": "0x34bf7e2d17674feb234371a7ea58efd715f0e56ba20ebf13789480d9d643afaf",
            "coin_register_events": {
              "counter": "1",
              "guid": {
                "id": {
                  "addr": "0x34bf7e2d17674feb234371a7ea58efd715f0e56ba20ebf13789480d9d643afaf",
                  "creation_num": "0"
                }
              }
            },
            "guid_creation_num": "4",
            "key_rotation_events": {
              "counter": "0",
              "guid": {
                "id": {
                  "addr": "0x34bf7e2d17674feb234371a7ea58efd715f0e56ba20ebf13789480d9d643afaf",
                  "creation_num": "1"
                }
              }
            },
            "rotation_capability_offer": {
              "for": {
                "vec": []
              }
            },
            "sequence_number": "0",
            "signer_capability_offer": {
              "for": {
                "vec": []
              }
            }
          }
        },
        "type": "write_resource"
      }
    ],
    "sender": "0xa550c18",
    "sequence_number": "0",
    "max_gas_amount": "2000",
    "gas_unit_price": "0",
    "expiration_timestamp_secs": "18446744073709551615",
    "payload": {
      "function": "0x1::aptos_account::create_account",
      "type_arguments": [],
      "arguments": [
        "0x34bf7e2d17674feb234371a7ea58efd715f0e56ba20ebf13789480d9d643afaf"
      ],
      "type": "entry_function_payload"
    },
    "signature": {
      "public_key": "0x14418f867a0bd6d42abb2daa50cd68a5a869ce208282481f57504f630510d0d3",
      "signature": "0xb11893ff961e5e59aaa540132fab5266b2caf4ea94758974454f996f0cbebe7a07dd8f91449b83fcec4b7a0672b52a2f1cb7ac9b0b83c9e66d569971eadf710f",
      "type": "ed25519_signature"
    },
    "events": [
      {
        "key": "0x000000000000000034bf7e2d17674feb234371a7ea58efd715f0e56ba20ebf13789480d9d643afaf",
        "sequence_number": "0",
        "type": "0x1::account::CoinRegisterEvent",
        "data": {
          "type_info": {
            "account_address": "0x1",
            "module_name": "0x6170746f735f636f696e",
            "struct_name": "0x4170746f73436f696e"
          }
        }
      }
    ],
    "timestamp": "500000",
    "type": "user_transaction"
  },
  {
    "version": "3",
    "hash": "",
    "state_change_hash": "",
    "event_root_hash": "",
    "state_checkpoint_hash": "",
    "gas_used": "0",
    "success": true,
    "vm_status": "Executed successfully",
    "accumulator_root_hash": "",
    "changes": [],
    "timestamp": "500000",
    "type": "state_checkpoint_transaction"
  }
]
