{
  "message": "Failed to find block: Event 02000000000000000000000000000000000000000000000000000000000000000000000000000001 of seq num 1000. not found.",
  "error_code": null,
  "aptos_ledger_version": null
}
