{
  "type": "user_transaction",
  "version": "2",
  "hash": "0xacfde9314bb58673b2f15eae5cb6e4ad43a2e42cf4c62a2f9eba9dcce5eb96ad",
  "state_root_hash": "0xe029ee0c0bef7582d83247e13658964a412c9ece909d1f421f6e58a4fd4b9a20",
  "event_root_hash": "0x414343554d554c41544f525f504c414345484f4c4445525f4841534800000000",
  "gas_used": "1",
  "success": false,
  "vm_status": "Move bytecode deserialization / verification failed, including script function not found or invalid arguments",
  "accumulator_root_hash": "0xa18d0daa3e424b0bb5a884fb57e6c06a80a8cc225358d78ace60fcd9bfb035f7",
  "sender": "0xa550c18",
  "sequence_number": "0",
  "max_gas_amount": "1000",
  "gas_unit_price": "0",
  "gas_currency_code": "XUS",
  "expiration_timestamp_secs": "18446744073709551615",
  "payload": {
    "type": "script_function_payload",
    "function": "0x1::TestCoin::transfer",
    "type_arguments": [],
    "arguments": [
      "0x000000000000000000000000000000dd"
    ]
  },
  "signature": {
    "type": "ed25519_signature",
    "public_key": "0xb9c6ee1630ef3e711144a648db06bbb2284f7274cfbee53ffcee503cc1a49200",
    "signature": "0xc73cd746fc89457e3063f45f525e74f64c1dafcb0aae70405490eeca69f0b58fb82c7bab645bf2714d5a43a78f39d18f8e7f760b38607d84d5aed29cac887204"
  },
  "events": [],
  "timestamp": "1"
}
