{
  "type": "user_transaction",
  "version": "2",
  "hash": "0xc00c694596b002f38c4a5eb5b8b20a772cb2bc7e5aacd3b2637e73bec802796e",
  "state_root_hash": "0x895791ab939f07b0090f02432f5e93ce1f7dee03b054a50697a1fb3a16ac02c4",
  "event_root_hash": "0x414343554d554c41544f525f504c414345484f4c4445525f4841534800000000",
  "gas_used": "1",
  "success": false,
  "vm_status": "Transaction Executed and Committed with Error FUNCTION_RESOLUTION_FAILURE",
  "accumulator_root_hash": "0x536d95824dcb6b1b2c4c178f473de9fbb0d81d578a6057ee097e3f4c96ae7fc6",
  "changes": [
    {
      "type": "write_resource",
      "address": "0xa550c18",
      "state_key_hash": "0x04a62513032e695c923632ca1b9248d11e49c9b1e83bba39974adf50bbabdd8f",
      "data": {
        "type": "0x1::Account::Account",
        "data": {
          "authentication_key": "0x7deeccb1080854f499ec8b4c1b213b82c5e34b925cf6875fec02d4b77adbd2d6",
          "self_address": "0xa550c18",
          "sequence_number": "1"
        }
      }
    },
    {
      "type": "write_resource",
      "address": "0xa550c18",
      "state_key_hash": "0x0429c60e9038d8b98b6cbddf810e3517cf3b029b8655d701962e6b1bfec59e04",
      "data": {
        "type": "0x1::TestCoin::Balance",
        "data": {
          "coin": {
            "value": "18446744073709551614"
          }
        }
      }
    }
  ],
  "sender": "0xa550c18",
  "sequence_number": "0",
  "max_gas_amount": "2000",
  "gas_unit_price": "0",
  "expiration_timestamp_secs": "18446744073709551615",
  "payload": {
    "type": "script_function_payload",
    "function": "0x1::TestCoin::transfer_invalid",
    "type_arguments": [],
    "arguments": [
      "0x00000000000000000000000000000000000000000000000000000000000000dd",
      "0x0100000000000000"
    ]
  },
  "signature": {
    "type": "ed25519_signature",
    "public_key": "0xb9c6ee1630ef3e711144a648db06bbb2284f7274cfbee53ffcee503cc1a49200",
    "signature": "0x892be42783ef9c1b512e10ec1e9b0a38c820999d286607af02bf4b9e2ffeb6d536e9ba0f0fc5823b7635d7ccac987186f15c438a10a58a11319435c06c38200a"
  },
  "events": [],
  "timestamp": "1"
}
