[
  {
    "type": "block_metadata_transaction",
    "version": "15",
    "hash": "0xab4b8030c0f02abde2a88a278e7e8306c96e2d63bdb9bdb397127c2d6ff124a3",
    "state_root_hash": "0x818e7b1d4ad740f9f252e1c2987056d16936a9f0a792dae45dae1fae1b994536",
    "event_root_hash": "0xfc0f9408425e820476668a895d8f224289bdb47f9ae81ea453cbf73d9d38d9dc",
    "gas_used": "0",
    "success": true,
    "vm_status": "Executed successfully",
    "accumulator_root_hash": "0xb7a4ce1f835d6a352f618ba5c6e4d561fa8a18936ec3aaf06438436da9845e4a",
    "id": "0x4a876b463d1297603568c40e814d9d5396d23087a0fd641e91e0e00df6c012cd",
    "round": "1",
    "previous_block_votes": [],
    "proposer": "0xf85fd00e30cd388d2609db24d6cc44f2652f27413456938eaa059f65231647cc",
    "timestamp": "8"
  },
  {
    "type": "user_transaction",
    "version": "16",
    "hash": "0xb005187cad5b6333f57953e9bcf33dd8daae31f536f560deb34747638edbb110",
    "state_root_hash": "0x98e3980fe4e2ce010dd0696b2a3842b8f1e73f91651b6dc59e313fe5e1c7ab1e",
    "event_root_hash": "0x414343554d554c41544f525f504c414345484f4c4445525f4841534800000000",
    "gas_used": "98",
    "success": true,
    "vm_status": "Executed successfully",
    "accumulator_root_hash": "0x5f42da8e052ce1ed95f745838bb45e979fef15b5b09ea915b7a6c7d1b006e315",
    "sender": "0xa550c18",
    "sequence_number": "7",
    "max_gas_amount": "2000",
    "gas_unit_price": "0",
    "gas_currency_code": "XUS",
    "expiration_timestamp_secs": "18446744073709551615",
    "payload": {
      "type": "script_function_payload",
      "function": "0x1::AptosAccount::create_account",
      "type_arguments": [],
      "arguments": [
        "0x9e4c52c179a8a4cf9189a8ba861693be8547d921c8b210ec95e9a8c29ce83623"
      ]
    },
    "signature": {
      "type": "ed25519_signature",
      "public_key": "0xb9c6ee1630ef3e711144a648db06bbb2284f7274cfbee53ffcee503cc1a49200",
      "signature": "0x24276ee25353af67f112c6f5c656ebdd20560d799d472ea1676a407e5fd03a2b019413055abd87839fe3944e30589a6d20f675b50c0fab2a7c3883b772b2930f"
    },
    "events": [],
    "timestamp": "8"
  },
  {
    "type": "block_metadata_transaction",
    "version": "17",
    "hash": "0xff76c3e356955265af1d3ba30315df5a21b41ae06dc08012062e12f96b259b2c",
    "state_root_hash": "0x92a047d37838992c900bbc89668c4cf2b2d4d82e851c964c18430c73e2085a99",
    "event_root_hash": "0xa6a9b44eb5c9a225afd2d745cccbcf07c5acb9e9bfa7b4c9d88ffa39a4c3f117",
    "gas_used": "0",
    "success": true,
    "vm_status": "Executed successfully",
    "accumulator_root_hash": "0x5130721b02fea5e22d5616be91c7bce5ff8fe3f52b0994cc63a1f38ee74714cb",
    "id": "0x464b5ca6488b897c005b2e17f00fc0bc8e7ed3f2ab59d607b0e3586bda1cda4e",
    "round": "1",
    "previous_block_votes": [],
    "proposer": "0xf85fd00e30cd388d2609db24d6cc44f2652f27413456938eaa059f65231647cc",
    "timestamp": "9"
  },
  {
    "type": "user_transaction",
    "version": "18",
    "hash": "0x3476838dfa0d08d7e013666b6a0dc3d46881c010db363466334eb27c4d72bfe0",
    "state_root_hash": "0xa1bd817483757a9883fc5150aa429bdaa00c7b243bb53b15dbfc1a59a98f79cc",
    "event_root_hash": "0x414343554d554c41544f525f504c414345484f4c4445525f4841534800000000",
    "gas_used": "98",
    "success": true,
    "vm_status": "Executed successfully",
    "accumulator_root_hash": "0xa6c25fda9bfef7d65b7ba38a26b9bd1eb7b4adad32a16b4763e1bbe4d02bc13d",
    "sender": "0xa550c18",
    "sequence_number": "8",
    "max_gas_amount": "2000",
    "gas_unit_price": "0",
    "gas_currency_code": "XUS",
    "expiration_timestamp_secs": "18446744073709551615",
    "payload": {
      "type": "script_function_payload",
      "function": "0x1::AptosAccount::create_account",
      "type_arguments": [],
      "arguments": [
        "0x59c02dfad19271ecb71d6ef1095d174cfcd641696135b76cd1cbf28f79e134c"
      ]
    },
    "signature": {
      "type": "ed25519_signature",
      "public_key": "0xb9c6ee1630ef3e711144a648db06bbb2284f7274cfbee53ffcee503cc1a49200",
      "signature": "0x52b0f1ae09c69b5c3aee512d1d7528aed1e5bbe19e94cee81d382d81f30a12ceada2740c80b08934fa323ed1e3401b65669f8b3c7ee076adb8d6bab81e059200"
    },
    "events": [],
    "timestamp": "9"
  },
  {
    "type": "block_metadata_transaction",
    "version": "19",
    "hash": "0xc7f0b608aeabd6d96828cb0ef04a2b598ca2bc3ac8e644cf6ef799021494c9b0",
    "state_root_hash": "0xb21e519b328addb373f106d9855817398ff0cccb143836f5daad8aa855303abc",
    "event_root_hash": "0x496e79b2a294b6c0eb9a2b0e4827a2f0c0c559074ce5dfbf4e4462f08d12dfc8",
    "gas_used": "0",
    "success": true,
    "vm_status": "Executed successfully",
    "accumulator_root_hash": "0x87ef2bc600a9749c4084d403d435f4ea38ab55a42a92e44c786a6dbd92832a4c",
    "id": "0x19d258b113d8e3e12bca2aa612b304ece5b25988818dd7234e049913233eb918",
    "round": "1",
    "previous_block_votes": [],
    "proposer": "0xf85fd00e30cd388d2609db24d6cc44f2652f27413456938eaa059f65231647cc",
    "timestamp": "10"
  },
  {
    "type": "user_transaction",
    "version": "20",
    "hash": "0x4064a6f58e282eac3ab0f619a6efd35700acd8ec4292b6acc244d29c5a63edad",
    "state_root_hash": "0xeaee2878062345412b35f590941113b76518fc35f56fbed368eada0ff4618ad4",
    "event_root_hash": "0x414343554d554c41544f525f504c414345484f4c4445525f4841534800000000",
    "gas_used": "98",
    "success": true,
    "vm_status": "Executed successfully",
    "accumulator_root_hash": "0x30b33fb867d20c10d49b8d09a1e0a276129551f8050ce66e9e00f474b5950889",
    "sender": "0xa550c18",
    "sequence_number": "9",
    "max_gas_amount": "2000",
    "gas_unit_price": "0",
    "gas_currency_code": "XUS",
    "expiration_timestamp_secs": "18446744073709551615",
    "payload": {
      "type": "script_function_payload",
      "function": "0x1::AptosAccount::create_account",
      "type_arguments": [],
      "arguments": [
        "0xd1fdd7f5e3329151d0c0f2cf8d2e7041d5c6bedea6f4cafe97677ac6e39d7333"
      ]
    },
    "signature": {
      "type": "ed25519_signature",
      "public_key": "0xb9c6ee1630ef3e711144a648db06bbb2284f7274cfbee53ffcee503cc1a49200",
      "signature": "0xc333f8498e8e0b36e097c8347f7bb3afad9f76008937fe5f99aa63e75e7f7591f0aa24164d11fd1f1ff628eec7d50638b74f1a33fed1ee555957495d697f1c00"
    },
    "events": [],
    "timestamp": "10"
  },
  {
    "type": "block_metadata_transaction",
    "version": "21",
    "hash": "0x87595e096f8f40bcc5b304449d1a746fe849a097b2894dcf08da17fbe2add83c",
    "state_root_hash": "0xa955f3caeae04c05b54757c7f6a3033449adc52b34446c764fde2c34288113aa",
    "event_root_hash": "0x32505461d562923642b8f4144f32e3e73955e76f0f2a969e1c4749246664ee81",
    "gas_used": "0",
    "success": true,
    "vm_status": "Executed successfully",
    "accumulator_root_hash": "0x434ee5efd4793f8471aada028795cfe7048297cfc5cfa81f895bf8ea4865a564",
    "id": "0xb99003d30a245ac74a02e26e45cb80ee1b9c00a93345ce5f12bea9ffe04748d6",
    "round": "1",
    "previous_block_votes": [],
    "proposer": "0xf85fd00e30cd388d2609db24d6cc44f2652f27413456938eaa059f65231647cc",
    "timestamp": "11"
  },
  {
    "type": "user_transaction",
    "version": "22",
    "hash": "0x429f7932d5117b52338a30608bb442d97f8d6bfede316413364456d3dbaecac5",
    "state_root_hash": "0xb1de6b9f58a0a7d12bc52d9feba683f00f4af0cbe39781c98d9aeca6d9d2f5f1",
    "event_root_hash": "0x414343554d554c41544f525f504c414345484f4c4445525f4841534800000000",
    "gas_used": "98",
    "success": true,
    "vm_status": "Executed successfully",
    "accumulator_root_hash": "0xe5498694b1a9ce344cc5e40b324cf7a16d6df1008e2aae9388b72189b92bebb1",
    "sender": "0xa550c18",
    "sequence_number": "10",
    "max_gas_amount": "2000",
    "gas_unit_price": "0",
    "gas_currency_code": "XUS",
    "expiration_timestamp_secs": "18446744073709551615",
    "payload": {
      "type": "script_function_payload",
      "function": "0x1::AptosAccount::create_account",
      "type_arguments": [],
      "arguments": [
        "0x629ec1c7de426633839c3f68e4ea92581232c8cbdd579ba57478b26e5876da5f"
      ]
    },
    "signature": {
      "type": "ed25519_signature",
      "public_key": "0xb9c6ee1630ef3e711144a648db06bbb2284f7274cfbee53ffcee503cc1a49200",
      "signature": "0xb2cdf35441b76178dc30b1a324a403f15c58ef9cbb6c9341d83436084d4dad3688f78ee09f001ba24839043b8dbdebd0a668650d3cbe206cc0aaa73511690a0d"
    },
    "events": [],
    "timestamp": "11"
  },
  {
    "type": "block_metadata_transaction",
    "version": "23",
    "hash": "0x9bed1b067e0c22ac849b46bbf5c73cbd59ecd769cf8d9c10632f4226b9b5cc23",
    "state_root_hash": "0xbcc16481b32c02fcda087d35d7e5e0ab39c0fba8e190956d39c85f95591c3ac2",
    "event_root_hash": "0xb473990da4cec260bef238d5fa0ae94273985146231517965ee00a0d8e543489",
    "gas_used": "0",
    "success": true,
    "vm_status": "Executed successfully",
    "accumulator_root_hash": "0xb39fe53dc1c4a7ebaf350bfbfec8e3cf440d6a19a71639220fe76a0018e7664d",
    "id": "0xea95b8f9082c10620c0d6e3fc9596b4538d0dc24bec371bb3e4634561f8892e6",
    "round": "1",
    "previous_block_votes": [],
    "proposer": "0xf85fd00e30cd388d2609db24d6cc44f2652f27413456938eaa059f65231647cc",
    "timestamp": "12"
  },
  {
    "type": "user_transaction",
    "version": "24",
    "hash": "0x277ff77f657097e04b869e3c3ddeb670ae8de581296fedafd22d5d725cffb962",
    "state_root_hash": "0x0a7218b7eaf5cc22ea85bab4eb900441a3fa832b95924ca4913f1d1d03c0941a",
    "event_root_hash": "0x414343554d554c41544f525f504c414345484f4c4445525f4841534800000000",
    "gas_used": "98",
    "success": true,
    "vm_status": "Executed successfully",
    "accumulator_root_hash": "0x1bfbe766960d168cce6f63e13bd72f6f69babe9530af0bdc16ce9b768dcc05cc",
    "sender": "0xa550c18",
    "sequence_number": "11",
    "max_gas_amount": "2000",
    "gas_unit_price": "0",
    "gas_currency_code": "XUS",
    "expiration_timestamp_secs": "18446744073709551615",
    "payload": {
      "type": "script_function_payload",
      "function": "0x1::AptosAccount::create_account",
      "type_arguments": [],
      "arguments": [
        "0x71f9cc8709deb65a1d8019f02735da21bfd43be9f8c75bbdca45560958bc65a9"
      ]
    },
    "signature": {
      "type": "ed25519_signature",
      "public_key": "0xb9c6ee1630ef3e711144a648db06bbb2284f7274cfbee53ffcee503cc1a49200",
      "signature": "0xa9234a061830d0f1d32c7b3c42b282c975b0901eb523849c25265d81d34ccf8bac6b2f710a7ea8e87d429d9cd7674ccf994addb5bb0db5c64d02c92071841807"
    },
    "events": [],
    "timestamp": "12"
  },
  {
    "type": "block_metadata_transaction",
    "version": "25",
    "hash": "0x0b7764d54ad6dd6490a482a7997a598a5257024017993eafcd936a95c0efdb80",
    "state_root_hash": "0x7a7b8607d502156a798fc093a8dd283a885a99a1f0541109170a3a7509ca7f4e",
    "event_root_hash": "0x8e252e4998b08918e04f49d8c009144fc995a000a923667efc111157916c565c",
    "gas_used": "0",
    "success": true,
    "vm_status": "Executed successfully",
    "accumulator_root_hash": "0x8583569a0d68272bcd1bd46e4223e34311c118a630cd2f13560aaad1738fb0a4",
    "id": "0xa229ec3dd885442b44972526c4e8ce25a0416c3955d818bb1ab0e832877d6282",
    "round": "1",
    "previous_block_votes": [],
    "proposer": "0xf85fd00e30cd388d2609db24d6cc44f2652f27413456938eaa059f65231647cc",
    "timestamp": "13"
  },
  {
    "type": "user_transaction",
    "version": "26",
    "hash": "0x750a742c065f0acd2f687fbb7f7cee8a8e5dfef32562a629232fead46717ae39",
    "state_root_hash": "0x6acb937bd06e0cad859d2833459db95f79c189504e9cb67a71b4369df91a1692",
    "event_root_hash": "0x414343554d554c41544f525f504c414345484f4c4445525f4841534800000000",
    "gas_used": "98",
    "success": true,
    "vm_status": "Executed successfully",
    "accumulator_root_hash": "0x28acab85f7337d2492d4da123f1e563c84bd2ea3948ba9df00f267189cb70c68",
    "sender": "0xa550c18",
    "sequence_number": "12",
    "max_gas_amount": "2000",
    "gas_unit_price": "0",
    "gas_currency_code": "XUS",
    "expiration_timestamp_secs": "18446744073709551615",
    "payload": {
      "type": "script_function_payload",
      "function": "0x1::AptosAccount::create_account",
      "type_arguments": [],
      "arguments": [
        "0x811a29fed994d121a6d1a8d422a73ddfaa9cef6cf313477409c6ca6462bdbec"
      ]
    },
    "signature": {
      "type": "ed25519_signature",
      "public_key": "0xb9c6ee1630ef3e711144a648db06bbb2284f7274cfbee53ffcee503cc1a49200",
      "signature": "0x10b140e3b51eb683f51a152140fa6353e65d6f35933ba8f428c3ee7d09cea032cf14fcd64b03a0b8ebab30d1f752ab6adbe1e45a726ef706cda4c4e631dda806"
    },
    "events": [],
    "timestamp": "13"
  },
  {
    "type": "block_metadata_transaction",
    "version": "27",
    "hash": "0xacb5e69631257947d0bdb5453e02de7f760e27c7432f53e41950a959f73f3cc1",
    "state_root_hash": "0xe8c594d121dc294180a1253b6aa83f141a93a2b56a7ba20aef64cd141181dbfe",
    "event_root_hash": "0x0705a795230d060400e635f254aea3c6325d1abebc2f9a5e4554356ccf67ecee",
    "gas_used": "0",
    "success": true,
    "vm_status": "Executed successfully",
    "accumulator_root_hash": "0xa56b7b59b1ce572624d829bfac20f1fb26ac73aae8b12a36cdab97dd2f205552",
    "id": "0x80ec4f332f4d1a6742c537f2bb32473b01b1dcb1caac942722a4787bb185e479",
    "round": "1",
    "previous_block_votes": [],
    "proposer": "0xf85fd00e30cd388d2609db24d6cc44f2652f27413456938eaa059f65231647cc",
    "timestamp": "14"
  },
  {
    "type": "user_transaction",
    "version": "28",
    "hash": "0x293cb2175c43a7e3bfa1c71cab004fb0867bbc6fb5f8e36901bf92b245e3c78d",
    "state_root_hash": "0xc58d81294f6c2ef859c2804efc2d1a0e132b4b76b1c92a35b66256bbc55c34fc",
    "event_root_hash": "0x414343554d554c41544f525f504c414345484f4c4445525f4841534800000000",
    "gas_used": "98",
    "success": true,
    "vm_status": "Executed successfully",
    "accumulator_root_hash": "0xe9f720e05096bc6b74a9b9308a6679fe44b85d243ebae962d7c31e769b0b7781",
    "sender": "0xa550c18",
    "sequence_number": "13",
    "max_gas_amount": "2000",
    "gas_unit_price": "0",
    "gas_currency_code": "XUS",
    "expiration_timestamp_secs": "18446744073709551615",
    "payload": {
      "type": "script_function_payload",
      "function": "0x1::AptosAccount::create_account",
      "type_arguments": [],
      "arguments": [
        "0x2466e5bfe75e3531bf24c8aa25074f165b997e19c80a36a9eccea767b263f2a4"
      ]
    },
    "signature": {
      "type": "ed25519_signature",
      "public_key": "0xb9c6ee1630ef3e711144a648db06bbb2284f7274cfbee53ffcee503cc1a49200",
      "signature": "0xfdcddd0525ed053d72d1208be2f876cd2bb64450900951f394ba9a5b1babd67a9cde1451804ba1109f5b658704a26135abe86f53a09027e06173f196e84aff0d"
    },
    "events": [],
    "timestamp": "14"
  },
  {
    "type": "block_metadata_transaction",
    "version": "29",
    "hash": "0xcd0ef18ec2388d7e92564fb7d68b5c3c1bb21cf5c52ea27b19b40ee78c561c94",
    "state_root_hash": "0xf8598028a4a8a67631a48b81c1aa14df81d35b59e40cd7ae51da4780b5cd4c71",
    "event_root_hash": "0xe983a92b7c4b5440b045e59d64cff9044536782ab5b6c6089e1cfe05ffb50218",
    "gas_used": "0",
    "success": true,
    "vm_status": "Executed successfully",
    "accumulator_root_hash": "0xabde4d894617bdb1c960e6cefd812202e192cf8639a1bd30b31add4343f5181c",
    "id": "0x842f736ab973e87f53b4857842789a1dd59167629b3c5cabe47dbf48827ec081",
    "round": "1",
    "previous_block_votes": [],
    "proposer": "0xf85fd00e30cd388d2609db24d6cc44f2652f27413456938eaa059f65231647cc",
    "timestamp": "15"
  },
  {
    "type": "user_transaction",
    "version": "30",
    "hash": "0xbf6b2e6a7ed731aa1c5ea618a992d636bdac316c031a40278910edf92361bb79",
    "state_root_hash": "0x6e891eb8644b42719a702b465137fbdd28f0a67e1f48ddbf126e31df05eff5d6",
    "event_root_hash": "0x414343554d554c41544f525f504c414345484f4c4445525f4841534800000000",
    "gas_used": "98",
    "success": true,
    "vm_status": "Executed successfully",
    "accumulator_root_hash": "0x6891355107db67918536c7abbada2bd60d8d3e0d2ca7001a0ce1faf02158f205",
    "sender": "0xa550c18",
    "sequence_number": "14",
    "max_gas_amount": "2000",
    "gas_unit_price": "0",
    "gas_currency_code": "XUS",
    "expiration_timestamp_secs": "18446744073709551615",
    "payload": {
      "type": "script_function_payload",
      "function": "0x1::AptosAccount::create_account",
      "type_arguments": [],
      "arguments": [
        "0xe6729b2cdb9dd280cefaa1121c496e82e94a75bf429a1e83bc2f5f605780c345"
      ]
    },
    "signature": {
      "type": "ed25519_signature",
      "public_key": "0xb9c6ee1630ef3e711144a648db06bbb2284f7274cfbee53ffcee503cc1a49200",
      "signature": "0xc48252e08cd7e961188c89e459e092ec2a19365f1f91132018b7480081201eff0a499bb62b76c5f6995867e2331dda498c1c7bb33599c402808030fed390650f"
    },
    "events": [],
    "timestamp": "15"
  },
  {
    "type": "block_metadata_transaction",
    "version": "31",
    "hash": "0xe7c21dbd27d48c1c39e2b0e232e7ae5c92dbed02adc5dd45f8f4afa3759198d4",
    "state_root_hash": "0x9d4b5c88798a30f6cc2c4524863fa2d0cdb99fe4fdcc7d82baee118033bde69d",
    "event_root_hash": "0x65d9c64fc0037bcbc4d77763204f191e92635cc864e3da1ab60b9665368c9371",
    "gas_used": "0",
    "success": true,
    "vm_status": "Executed successfully",
    "accumulator_root_hash": "0x2c021955d59a938d25ff46bf9dc4b57589c0eff6b8d6da203838be77bcdc191b",
    "id": "0x3beda43d6e9f9b1b1bc44cdfce3574e7f7f0b2de2323a06ebc356bad614726b3",
    "round": "1",
    "previous_block_votes": [],
    "proposer": "0xf85fd00e30cd388d2609db24d6cc44f2652f27413456938eaa059f65231647cc",
    "timestamp": "16"
  },
  {
    "type": "user_transaction",
    "version": "32",
    "hash": "0x91d674d2f112a51df5df3643b8c343c948dac2f8713a61b0eb98678a256ec218",
    "state_root_hash": "0xc55a0b0eed9e161a7b37403a0b2a4e34a389b1d7ed2f9d655a4d8371e5d6a2f9",
    "event_root_hash": "0x414343554d554c41544f525f504c414345484f4c4445525f4841534800000000",
    "gas_used": "98",
    "success": true,
    "vm_status": "Executed successfully",
    "accumulator_root_hash": "0xd580daf7be92f006ece2760ac7040a64cce7b518e7e718fab1ef640a5a78eb43",
    "sender": "0xa550c18",
    "sequence_number": "15",
    "max_gas_amount": "2000",
    "gas_unit_price": "0",
    "gas_currency_code": "XUS",
    "expiration_timestamp_secs": "18446744073709551615",
    "payload": {
      "type": "script_function_payload",
      "function": "0x1::AptosAccount::create_account",
      "type_arguments": [],
      "arguments": [
        "0xbc8b6a81cd04f4de0119ff7ab7ec5eb28797e5ab659071fc7f4ed8285963fbbc"
      ]
    },
    "signature": {
      "type": "ed25519_signature",
      "public_key": "0xb9c6ee1630ef3e711144a648db06bbb2284f7274cfbee53ffcee503cc1a49200",
      "signature": "0x2f0bdb2bc638d0e85a64e516046a1736ac4724213d7a8eea6be3564a742ace155a65ed7f059af943c71b98b7bfa2eb6507cfe5ad424df171b2072db8e5821507"
    },
    "events": [],
    "timestamp": "16"
  },
  {
    "type": "block_metadata_transaction",
    "version": "33",
    "hash": "0x024ded6930a59f0bab79f57ad6b7d21ca11b47ffbf85736ff221c255669202d4",
    "state_root_hash": "0xe29a8281107b8bfd643611df2c03e85f84e159905d4a25605eca6edaa96ee94f",
    "event_root_hash": "0x20747e0a553e9e055902d419f76f38004ba4d751fbe959c32c1ff6c4a982d578",
    "gas_used": "0",
    "success": true,
    "vm_status": "Executed successfully",
    "accumulator_root_hash": "0x4e5a07205d51672b0f47cfc3e641fb701681254d516e04afab578ceb0570fb9a",
    "id": "0x755687120a7c6df2389c373c8fbe06bda7a61120652668dd5687fee73fac7a2c",
    "round": "1",
    "previous_block_votes": [],
    "proposer": "0xf85fd00e30cd388d2609db24d6cc44f2652f27413456938eaa059f65231647cc",
    "timestamp": "17"
  },
  {
    "type": "user_transaction",
    "version": "34",
    "hash": "0xd98a9fbe2bad5111389277c677168a8075f6de9fe1003a31e0af68c5cad4dc7a",
    "state_root_hash": "0x6eb3861f4c8133205e5fca5be90cfd2f2affb4274c0cc07e2a8ec7f8dec4dded",
    "event_root_hash": "0x414343554d554c41544f525f504c414345484f4c4445525f4841534800000000",
    "gas_used": "98",
    "success": true,
    "vm_status": "Executed successfully",
    "accumulator_root_hash": "0xe51a61e5274d3a56c0fdca16cac39b2e1c21c65ae233f5380ddd6a8a0382f41a",
    "sender": "0xa550c18",
    "sequence_number": "16",
    "max_gas_amount": "2000",
    "gas_unit_price": "0",
    "gas_currency_code": "XUS",
    "expiration_timestamp_secs": "18446744073709551615",
    "payload": {
      "type": "script_function_payload",
      "function": "0x1::AptosAccount::create_account",
      "type_arguments": [],
      "arguments": [
        "0x3a005a7fa8e1c2fdab97247be839d548711d07e26b682d3f8b6bb9f6fa804332"
      ]
    },
    "signature": {
      "type": "ed25519_signature",
      "public_key": "0xb9c6ee1630ef3e711144a648db06bbb2284f7274cfbee53ffcee503cc1a49200",
      "signature": "0xa1d61eb584d8557ece711ed9638b9118891addcaa71de25707f737c53977207a03b5f8dfcf5550004ee045df6305e62a07b0945bdf5c4324adc45263d697160f"
    },
    "events": [],
    "timestamp": "17"
  },
  {
    "type": "block_metadata_transaction",
    "version": "35",
    "hash": "0xa7507dd24e0c31f630087d85c5ffdb72e4352ab70020ae31044d6be77ea72a13",
    "state_root_hash": "0x25b65f6667e089b01a8724576f209f9fe830a7a71b71121ebb403c54e3e8a86a",
    "event_root_hash": "0x239c9fd4aed1dc852e6bd817282c845600d5f578ab140a267d50ffb5d365bf7a",
    "gas_used": "0",
    "success": true,
    "vm_status": "Executed successfully",
    "accumulator_root_hash": "0xfeee865abb53ed2adbf30e96ef83c1ea0c53f1476fd3b92c62bc090dcc3dbd10",
    "id": "0x430d191fbc937d42f74104aa291871f4b9d120f76583a1da5d1123f2b8a0ac60",
    "round": "1",
    "previous_block_votes": [],
    "proposer": "0xf85fd00e30cd388d2609db24d6cc44f2652f27413456938eaa059f65231647cc",
    "timestamp": "18"
  },
  {
    "type": "user_transaction",
    "version": "36",
    "hash": "0x52db7d684b9b639df27c58af049438257ae97bc0a41655b456ef680d2cd5accb",
    "state_root_hash": "0x4c8c6988c2aedb874888b9583b0b30718e618fdcbb6f2b8d0e82fc663102c4a9",
    "event_root_hash": "0x414343554d554c41544f525f504c414345484f4c4445525f4841534800000000",
    "gas_used": "98",
    "success": true,
    "vm_status": "Executed successfully",
    "accumulator_root_hash": "0x5a5d84738dc471fcba6712a459015850ea388ef67eaa4d6e01259c6450d8901b",
    "sender": "0xa550c18",
    "sequence_number": "17",
    "max_gas_amount": "2000",
    "gas_unit_price": "0",
    "gas_currency_code": "XUS",
    "expiration_timestamp_secs": "18446744073709551615",
    "payload": {
      "type": "script_function_payload",
      "function": "0x1::AptosAccount::create_account",
      "type_arguments": [],
      "arguments": [
        "0x73cb8245b462c25d2c0792576c83f26a66456c6c26ed271769be71ec85920331"
      ]
    },
    "signature": {
      "type": "ed25519_signature",
      "public_key": "0xb9c6ee1630ef3e711144a648db06bbb2284f7274cfbee53ffcee503cc1a49200",
      "signature": "0x24623003657153bd5e2d49cf79230db9a4823a9a83aec634cbbe022f91d8e80773d7254bb70371dd296c63f560f48699f279a21addf5d1658213f151a875eb04"
    },
    "events": [],
    "timestamp": "18"
  },
  {
    "type": "block_metadata_transaction",
    "version": "37",
    "hash": "0x12a953e6b6bcd5bac5cf670f018ec1a1f4b918a3e8a6c7398fdf3f935dae6b48",
    "state_root_hash": "0xc8669f7835e8b00b5fb4d1bf07e264b22f5bd9479f117261856736f42e5b0290",
    "event_root_hash": "0x0fb2cd74861c38ca95112f194e496f084333fb444284b1005e7eb9ed061c0ecb",
    "gas_used": "0",
    "success": true,
    "vm_status": "Executed successfully",
    "accumulator_root_hash": "0x9451e71a5f772f8471d037e0ab130646a5c14fe420e3e9fbcf224ba84bb5f2e6",
    "id": "0x2af5203112331adc2ed6f402dca396bfe6dfa3ac8a57ea08860870fd515cf7ca",
    "round": "1",
    "previous_block_votes": [],
    "proposer": "0xf85fd00e30cd388d2609db24d6cc44f2652f27413456938eaa059f65231647cc",
    "timestamp": "19"
  },
  {
    "type": "user_transaction",
    "version": "38",
    "hash": "0xf8fdcf32cecb009eca615eeccfd7acd226bee55147dda78b75f33896a1a8143d",
    "state_root_hash": "0xac5f94a7e8e9dd5757db1c26ce960e260001e3280602a183c219fe00f62e9a29",
    "event_root_hash": "0x414343554d554c41544f525f504c414345484f4c4445525f4841534800000000",
    "gas_used": "98",
    "success": true,
    "vm_status": "Executed successfully",
    "accumulator_root_hash": "0x67018d91724574bfe9119b9a6a0d268a20263d4bff672297dae5ff3c5605bdc5",
    "sender": "0xa550c18",
    "sequence_number": "18",
    "max_gas_amount": "2000",
    "gas_unit_price": "0",
    "gas_currency_code": "XUS",
    "expiration_timestamp_secs": "18446744073709551615",
    "payload": {
      "type": "script_function_payload",
      "function": "0x1::AptosAccount::create_account",
      "type_arguments": [],
      "arguments": [
        "0xb8e26002ab0e7a0849cb7c9618faa67dbd7c2167f944102d2dd80ab33f8491b2"
      ]
    },
    "signature": {
      "type": "ed25519_signature",
      "public_key": "0xb9c6ee1630ef3e711144a648db06bbb2284f7274cfbee53ffcee503cc1a49200",
      "signature": "0x07387ca192904817b0617e72348a8aa5d9e5e781288332362b72d79242e69d3f57f453495954a35759241247188427663c0b2a073ed4635018d325cadf9d020d"
    },
    "events": [],
    "timestamp": "19"
  },
  {
    "type": "block_metadata_transaction",
    "version": "39",
    "hash": "0x2b9f44dbdcf4cb278e5e49d6981385801f6cbcfd0e5b6854537094b04f4f95f5",
    "state_root_hash": "0xe6f985e6442f3ab6e8091a62de6e8a9c53f06d844e9152c92b2e852e6b393588",
    "event_root_hash": "0xa478d3f1b71522bd300aeff7b6d0838796c8b5d21226303ae99d4ada6981e19e",
    "gas_used": "0",
    "success": true,
    "vm_status": "Executed successfully",
    "accumulator_root_hash": "0xf3280ed71d4b2be1f77e269fe80de7820c49ca161a7c9780a80ad9a4a28315ac",
    "id": "0xe451cd3c364076623c0231898be0722c08e4eb229c44cb957d29cf7370af8a1b",
    "round": "1",
    "previous_block_votes": [],
    "proposer": "0xf85fd00e30cd388d2609db24d6cc44f2652f27413456938eaa059f65231647cc",
    "timestamp": "20"
  }
]
