{
  "type": "user_transaction",
  "version": "2",
  "hash": "0x8df66affad9c571750829820259721f96af4d7ae787bd7089bea259ff0f82cb1",
  "state_root_hash": "0xa440baf7d284e00a14b2d788eebe92fbc4513e92f02cc012b1215e92234df95d",
  "event_root_hash": "0x414343554d554c41544f525f504c414345484f4c4445525f4841534800000000",
  "gas_used": "1",
  "success": false,
  "vm_status": "Move bytecode deserialization / verification failed, including script function not found or invalid arguments",
  "accumulator_root_hash": "0xb2ef5b04e4a64e255ac4917e37b9a35ab6fb3600ab3f1f93bd5ed9580639c336",
  "changes": [
    {
      "type": "write_resource",
      "address": "0xa550c18",
      "state_key_hash": "0x04a62513032e695c923632ca1b9248d11e49c9b1e83bba39974adf50bbabdd8f",
      "data": {
        "type": "0x1::Account::Account",
        "data": {
          "authentication_key": "0x7deeccb1080854f499ec8b4c1b213b82c5e34b925cf6875fec02d4b77adbd2d6",
          "self_address": "0xa550c18",
          "sequence_number": "1"
        }
      }
    },
    {
      "type": "write_resource",
      "address": "0xa550c18",
      "state_key_hash": "0x0429c60e9038d8b98b6cbddf810e3517cf3b029b8655d701962e6b1bfec59e04",
      "data": {
        "type": "0x1::TestCoin::Balance",
        "data": {
          "coin": {
            "value": "18446744073709551614"
          }
        }
      }
    },
    {
      "type": "write_resource",
      "address": "0xa550c18",
      "state_key_hash": "0x79a08e0b94ebb66c0dae37a07c182d46387c347aeb83c07de6109b0503c3a24e",
      "data": {
        "type": "0x1::TestCoin::CoinInfo",
        "data": {
          "scaling_factor": "1000000",
          "total_value": "18446744073709551615"
        }
      }
    }
  ],
  "sender": "0xa550c18",
  "sequence_number": "0",
  "max_gas_amount": "2000",
  "gas_unit_price": "0",
  "expiration_timestamp_secs": "18446744073709551615",
  "payload": {
    "type": "script_function_payload",
    "function": "0x1::TestCoin::transfer",
    "type_arguments": [],
    "arguments": [
      "0x00000000000000000000000000000000000000000000000000000000000000dd"
    ]
  },
  "signature": {
    "type": "ed25519_signature",
    "public_key": "0xb9c6ee1630ef3e711144a648db06bbb2284f7274cfbee53ffcee503cc1a49200",
    "signature": "0xb3b869bfff28a9cebbe598481e595a9baa4e615e95e895d47127908776e6b5ad8c60d72808b22db79798e5323dc2640c3a7c94e7057ed205db619e255292d70d"
  },
  "events": [],
  "timestamp": "1"
}
