{
  "type": "user_transaction",
  "version": "2",
  "hash": "0x1b45f833770dcd1bb69fb586b8367e459708e2cd4ba162110f8520b54794ab0f",
  "state_root_hash": "0xd1bd5a17524d4108a9795366cd12e9ee96f7ce262f6a046f07864c1ebfa4bb3e",
  "event_root_hash": "0x414343554d554c41544f525f504c414345484f4c4445525f4841534800000000",
  "gas_used": "1",
  "success": false,
  "vm_status": "Move bytecode deserialization / verification failed, including script function not found or invalid arguments",
  "accumulator_root_hash": "0xd2f4cd582f48b48412a9d62d070f177865c64bc97b91ff1ddae1b41efd407322",
  "sender": "0xa550c18",
  "sequence_number": "0",
  "max_gas_amount": "1000",
  "gas_unit_price": "0",
  "gas_currency_code": "XUS",
  "expiration_timestamp_secs": "18446744073709551615",
  "payload": {
    "type": "script_payload",
    "code": {
      "bytecode": "0xa11ceb0b030000",
      "abi": null
    },
    "type_arguments": [],
    "arguments": []
  },
  "signature": {
    "type": "ed25519_signature",
    "public_key": "0xb9c6ee1630ef3e711144a648db06bbb2284f7274cfbee53ffcee503cc1a49200",
    "signature": "0x8fba2156da328545124dcc2ea01d5a4ebb876f93a5e52e4cf723943770bdd366068fc2729187dee8a0cf3433bdb6a1ddf80e39abc1a1e1180820029efaba2a02"
  },
  "events": [],
  "timestamp": "1"
}
