{
  "raw_txn": {
    "sender": "000000000000000000000000000000000000000000000000000000000a550c18",
    "sequence_number": 0,
    "payload": {
      "Script": {
        "code": [
          161,
          28,
          235,
          11,
          3,
          0,
          0,
          0,
          1,
          5,
          0,
          1,
          0,
          0,
          0,
          0,
          5,
          6,
          1,
          0,
          0,
          0,
          0,
          0,
          0,
          0,
          6,
          0,
          0,
          0,
          0,
          0,
          0,
          0,
          0,
          26,
          1,
          2
        ],
        "ty_args": [
          {
            "struct": {
              "address": "0000000000000000000000000000000000000000000000000000000000000001",
              "module": "TestCoin",
              "name": "TestCoin",
              "type_args": []
            }
          }
        ],
        "args": [
          {
            "U8": 2
          }
        ]
      }
    },
    "max_gas_amount": 2000,
    "gas_unit_price": 0,
    "expiration_timestamp_secs": 18446744073709551615,
    "chain_id": 4
  },
  "signing_message": "b5e97db07fa0bd0e5598aa3643a9bc6f6693bddc1a9fec9e674a461eaa00b193000000000000000000000000000000000000000000000000000000000a550c1800000000000000000126a11ceb0b030000000105000100000000050601000000000000000600000000000000001a0102010700000000000000000000000000000000000000000000000000000000000000010854657374436f696e0854657374436f696e00010002d0070000000000000000000000000000ffffffffffffffff04",
  "signed_txn_bcs": "000000000000000000000000000000000000000000000000000000000a550c1800000000000000000126a11ceb0b030000000105000100000000050601000000000000000600000000000000001a0102010700000000000000000000000000000000000000000000000000000000000000010854657374436f696e0854657374436f696e00010002d0070000000000000000000000000000ffffffffffffffff040020b9c6ee1630ef3e711144a648db06bbb2284f7274cfbee53ffcee503cc1a4920040e4c420cd6c6beab55824adbad2ceb7f3e01ba1d20f9952ceda1535df54e66ce4b191b8f85eaf43d6ae41f315ba279004dde3dc519c21395eccdac98af3cb4c04",
  "private_key": "9bf49a6a0755f953811fce125f2683d50429c3bb49e074147e0089a52eae155f",
  "public_key": "b9c6ee1630ef3e711144a648db06bbb2284f7274cfbee53ffcee503cc1a49200"
}
