{
  "public_key": {
    "value": "0x049b8327d929a0e45285c04d19c9fffbee065c266b701972922d807228120e43f34ad68ac77f6ec0205fe39f7c5b6055dad973a03464a3a743302de0feaf6ec6d9",
    "type": "secp256k1_ecdsa"
  },
  "signature": {
    "value": "0x357a77abdb3ef4a01aea1e8d0cb932606655bcf66e6726d2cefbfd904d57703b0bf38eb19bc3da1e3e9f6929db0d4806f83fa5370f6981d704efa42cdba56fb9",
    "type": "secp256k1_ecdsa"
  },
  "type": "single_sender"
}
