[
  {
    "type": "block_metadata_transaction",
    "version": "15",
    "hash": "0xab4b8030c0f02abde2a88a278e7e8306c96e2d63bdb9bdb397127c2d6ff124a3",
    "state_root_hash": "0xdcdb7ae973ddde8394629108b3dd3faa3c06076183f78b1e37a8e921e0ad5f2a",
    "event_root_hash": "0xfc0f9408425e820476668a895d8f224289bdb47f9ae81ea453cbf73d9d38d9dc",
    "gas_used": "0",
    "success": true,
    "vm_status": "Executed successfully",
    "accumulator_root_hash": "0xbc3721a0a175a1b75515c2d2976b3344c2d93922152f4a77c249732af75260c1",
    "id": "0x4a876b463d1297603568c40e814d9d5396d23087a0fd641e91e0e00df6c012cd",
    "round": "1",
    "previous_block_votes": [],
    "proposer": "0xf85fd00e30cd388d2609db24d6cc44f2652f27413456938eaa059f65231647cc",
    "timestamp": "8"
  },
  {
    "type": "user_transaction",
    "version": "16",
    "hash": "0x2fdb216ed3d4b7472dbbeb06aa74b47e4106898f52372a2eaa51adb3000bb405",
    "state_root_hash": "0x68d77efb9c7d1bd8d17985fa3aed3a1431b39c722181badaa8d11a2ede72d16c",
    "event_root_hash": "0x414343554d554c41544f525f504c414345484f4c4445525f4841534800000000",
    "gas_used": "98",
    "success": true,
    "vm_status": "Executed successfully",
    "accumulator_root_hash": "0xf96aaaa8e99eaa17c2fe2a77f13505e12df6b3d31201c167ff1e8d9a488032b1",
    "sender": "0xa550c18",
    "sequence_number": "7",
    "max_gas_amount": "1000",
    "gas_unit_price": "0",
    "gas_currency_code": "XUS",
    "expiration_timestamp_secs": "18446744073709551615",
    "payload": {
      "type": "script_function_payload",
      "function": "0x1::AptosAccount::create_account",
      "type_arguments": [],
      "arguments": [
        "0x9e4c52c179a8a4cf9189a8ba861693be8547d921c8b210ec95e9a8c29ce83623"
      ]
    },
    "signature": {
      "type": "ed25519_signature",
      "public_key": "0xb9c6ee1630ef3e711144a648db06bbb2284f7274cfbee53ffcee503cc1a49200",
      "signature": "0x562a9a665d836d16577e818f3520710199dfd5e0eb684d4048df6964c3ba2da531b9807bd10c853363c13a797a7ef30222f2ddd949779d37b491468cd58afb08"
    },
    "events": [],
    "timestamp": "8"
  },
  {
    "type": "block_metadata_transaction",
    "version": "17",
    "hash": "0xff76c3e356955265af1d3ba30315df5a21b41ae06dc08012062e12f96b259b2c",
    "state_root_hash": "0x574e4527fb1c079350aece9c3d9ff967cd3d4ca3c93ab59656fde12c67ecce3b",
    "event_root_hash": "0xa6a9b44eb5c9a225afd2d745cccbcf07c5acb9e9bfa7b4c9d88ffa39a4c3f117",
    "gas_used": "0",
    "success": true,
    "vm_status": "Executed successfully",
    "accumulator_root_hash": "0xc342145b70c6cc14077a3fb4807dabc0e9776c6087c192389009779bbf517cca",
    "id": "0x464b5ca6488b897c005b2e17f00fc0bc8e7ed3f2ab59d607b0e3586bda1cda4e",
    "round": "1",
    "previous_block_votes": [],
    "proposer": "0xf85fd00e30cd388d2609db24d6cc44f2652f27413456938eaa059f65231647cc",
    "timestamp": "9"
  },
  {
    "type": "user_transaction",
    "version": "18",
    "hash": "0x96facfa2214e674c5c7bc7d9007e243edddb4d5b96ac25e1cccffbf764eb4461",
    "state_root_hash": "0xf762935537c3e1fc5b9f995a78221ba00051b9e2e87014b7f2d70bbcddef67ab",
    "event_root_hash": "0x414343554d554c41544f525f504c414345484f4c4445525f4841534800000000",
    "gas_used": "98",
    "success": true,
    "vm_status": "Executed successfully",
    "accumulator_root_hash": "0x72974dd4b1187e55deea3e7240cd6e8701070deb0b20ac18367a512ca1358319",
    "sender": "0xa550c18",
    "sequence_number": "8",
    "max_gas_amount": "1000",
    "gas_unit_price": "0",
    "gas_currency_code": "XUS",
    "expiration_timestamp_secs": "18446744073709551615",
    "payload": {
      "type": "script_function_payload",
      "function": "0x1::AptosAccount::create_account",
      "type_arguments": [],
      "arguments": [
        "0x59c02dfad19271ecb71d6ef1095d174cfcd641696135b76cd1cbf28f79e134c"
      ]
    },
    "signature": {
      "type": "ed25519_signature",
      "public_key": "0xb9c6ee1630ef3e711144a648db06bbb2284f7274cfbee53ffcee503cc1a49200",
      "signature": "0x4c8fbe84b399df15bd7606d2b7ff6e4ce08bad7067664a6c4b2d979a0ccd982283629e75eaa304fbf4170812a513fbcc8f6606712838864acfe2ff02c08fcc08"
    },
    "events": [],
    "timestamp": "9"
  },
  {
    "type": "block_metadata_transaction",
    "version": "19",
    "hash": "0xc7f0b608aeabd6d96828cb0ef04a2b598ca2bc3ac8e644cf6ef799021494c9b0",
    "state_root_hash": "0x93f032ae2885c1993cf0b0a272805280cc34132f2689b90533b590cbb6f95603",
    "event_root_hash": "0x496e79b2a294b6c0eb9a2b0e4827a2f0c0c559074ce5dfbf4e4462f08d12dfc8",
    "gas_used": "0",
    "success": true,
    "vm_status": "Executed successfully",
    "accumulator_root_hash": "0xb6f17b51101dc109d613a24629a5f435f2d5a5332f3da925d8b1d7063f3ed925",
    "id": "0x19d258b113d8e3e12bca2aa612b304ece5b25988818dd7234e049913233eb918",
    "round": "1",
    "previous_block_votes": [],
    "proposer": "0xf85fd00e30cd388d2609db24d6cc44f2652f27413456938eaa059f65231647cc",
    "timestamp": "10"
  },
  {
    "type": "user_transaction",
    "version": "20",
    "hash": "0x6e1fff8c370648aaf928a61b29c1c54d36c7d86c086bae5aa1515d0fb4b67d78",
    "state_root_hash": "0xfb312b947228ce2917a22b2b76a553c23a5ec2c3b87505ed7f5b76dce7968387",
    "event_root_hash": "0x414343554d554c41544f525f504c414345484f4c4445525f4841534800000000",
    "gas_used": "98",
    "success": true,
    "vm_status": "Executed successfully",
    "accumulator_root_hash": "0xbd2f372a8a99bf2cbaeb703e06b4aabac10bd2c0bb289b33a8fb10db2f9d4bb4",
    "sender": "0xa550c18",
    "sequence_number": "9",
    "max_gas_amount": "1000",
    "gas_unit_price": "0",
    "gas_currency_code": "XUS",
    "expiration_timestamp_secs": "18446744073709551615",
    "payload": {
      "type": "script_function_payload",
      "function": "0x1::AptosAccount::create_account",
      "type_arguments": [],
      "arguments": [
        "0xd1fdd7f5e3329151d0c0f2cf8d2e7041d5c6bedea6f4cafe97677ac6e39d7333"
      ]
    },
    "signature": {
      "type": "ed25519_signature",
      "public_key": "0xb9c6ee1630ef3e711144a648db06bbb2284f7274cfbee53ffcee503cc1a49200",
      "signature": "0x16bc4a419673cfcf3e383d816aaa917a1aa774b455caa188fec61b900f07fbcbef2018753ad8845295520c4738bc0d90a09c589eb4839cb3365bd83c587cc90f"
    },
    "events": [],
    "timestamp": "10"
  },
  {
    "type": "block_metadata_transaction",
    "version": "21",
    "hash": "0x87595e096f8f40bcc5b304449d1a746fe849a097b2894dcf08da17fbe2add83c",
    "state_root_hash": "0x3dd78984cc21ef4d34a14279dbe684e9c1d665d0f333593c2308a963857e41af",
    "event_root_hash": "0x32505461d562923642b8f4144f32e3e73955e76f0f2a969e1c4749246664ee81",
    "gas_used": "0",
    "success": true,
    "vm_status": "Executed successfully",
    "accumulator_root_hash": "0x758e46ce35efdfb214479bcc922a35a36accbf097a456ce80e64628b715a582f",
    "id": "0xb99003d30a245ac74a02e26e45cb80ee1b9c00a93345ce5f12bea9ffe04748d6",
    "round": "1",
    "previous_block_votes": [],
    "proposer": "0xf85fd00e30cd388d2609db24d6cc44f2652f27413456938eaa059f65231647cc",
    "timestamp": "11"
  },
  {
    "type": "user_transaction",
    "version": "22",
    "hash": "0xb43d932cea54a7b54544befb764c5f4f6656352e708ae63428b84d231abd47a3",
    "state_root_hash": "0x0fcec23b00e8d0f6d70b2679a1919963d44916a76ede6ba51386d638e276b8f8",
    "event_root_hash": "0x414343554d554c41544f525f504c414345484f4c4445525f4841534800000000",
    "gas_used": "98",
    "success": true,
    "vm_status": "Executed successfully",
    "accumulator_root_hash": "0x3e58466a95bdf8b925c97f8314aaa7d6d985266bdbb5bd221462a0520481855f",
    "sender": "0xa550c18",
    "sequence_number": "10",
    "max_gas_amount": "1000",
    "gas_unit_price": "0",
    "gas_currency_code": "XUS",
    "expiration_timestamp_secs": "18446744073709551615",
    "payload": {
      "type": "script_function_payload",
      "function": "0x1::AptosAccount::create_account",
      "type_arguments": [],
      "arguments": [
        "0x629ec1c7de426633839c3f68e4ea92581232c8cbdd579ba57478b26e5876da5f"
      ]
    },
    "signature": {
      "type": "ed25519_signature",
      "public_key": "0xb9c6ee1630ef3e711144a648db06bbb2284f7274cfbee53ffcee503cc1a49200",
      "signature": "0x539e7fe13c05b001593254320cc6676c2d915a6e664144b1d90212016f973548efc94c315dbbc33ff1778d2c902bd22238b885aeedca995101ee11421e418d01"
    },
    "events": [],
    "timestamp": "11"
  },
  {
    "type": "block_metadata_transaction",
    "version": "23",
    "hash": "0x9bed1b067e0c22ac849b46bbf5c73cbd59ecd769cf8d9c10632f4226b9b5cc23",
    "state_root_hash": "0xcc8e351b09ff122f2b37ad2d6deca68bb064b90d5065b3eb9a21e52f3ef0fe5c",
    "event_root_hash": "0xb473990da4cec260bef238d5fa0ae94273985146231517965ee00a0d8e543489",
    "gas_used": "0",
    "success": true,
    "vm_status": "Executed successfully",
    "accumulator_root_hash": "0x0a2abdb67c614d75115c90104a4e960f3ac02d9db5a03b0dd96ba5d26a4ec037",
    "id": "0xea95b8f9082c10620c0d6e3fc9596b4538d0dc24bec371bb3e4634561f8892e6",
    "round": "1",
    "previous_block_votes": [],
    "proposer": "0xf85fd00e30cd388d2609db24d6cc44f2652f27413456938eaa059f65231647cc",
    "timestamp": "12"
  },
  {
    "type": "user_transaction",
    "version": "24",
    "hash": "0xfb783a09952a3b745ae73a071e7d8b04ff11d732e7dee1debe762a7a8283318d",
    "state_root_hash": "0x3df7493f9cad562cf8ba53047af299c18d35b3518e38e731d67ae0b694b52796",
    "event_root_hash": "0x414343554d554c41544f525f504c414345484f4c4445525f4841534800000000",
    "gas_used": "98",
    "success": true,
    "vm_status": "Executed successfully",
    "accumulator_root_hash": "0x57fb025da8de4c7032691fd8b2def390188f9cb6e9bb929313b8bea7a62877d5",
    "sender": "0xa550c18",
    "sequence_number": "11",
    "max_gas_amount": "1000",
    "gas_unit_price": "0",
    "gas_currency_code": "XUS",
    "expiration_timestamp_secs": "18446744073709551615",
    "payload": {
      "type": "script_function_payload",
      "function": "0x1::AptosAccount::create_account",
      "type_arguments": [],
      "arguments": [
        "0x71f9cc8709deb65a1d8019f02735da21bfd43be9f8c75bbdca45560958bc65a9"
      ]
    },
    "signature": {
      "type": "ed25519_signature",
      "public_key": "0xb9c6ee1630ef3e711144a648db06bbb2284f7274cfbee53ffcee503cc1a49200",
      "signature": "0xc92c6485a8f6a2a4618adf005b7616dc03e084b4896a43101bc66d2507d0a18f3a21e137ee515460fbb829cf8b8ace3efa55ba2956ac2cfc8e0fe4b20dcfc40e"
    },
    "events": [],
    "timestamp": "12"
  },
  {
    "type": "block_metadata_transaction",
    "version": "25",
    "hash": "0x0b7764d54ad6dd6490a482a7997a598a5257024017993eafcd936a95c0efdb80",
    "state_root_hash": "0xe2c69cfeca054cf98505ed84fc41e7367a38393986fa201e7180c6f97607035d",
    "event_root_hash": "0x8e252e4998b08918e04f49d8c009144fc995a000a923667efc111157916c565c",
    "gas_used": "0",
    "success": true,
    "vm_status": "Executed successfully",
    "accumulator_root_hash": "0xbdbfa8533444b5b0c4f4b39385ca10a54b69c94daceceef9b3837fccdaecbda4",
    "id": "0xa229ec3dd885442b44972526c4e8ce25a0416c3955d818bb1ab0e832877d6282",
    "round": "1",
    "previous_block_votes": [],
    "proposer": "0xf85fd00e30cd388d2609db24d6cc44f2652f27413456938eaa059f65231647cc",
    "timestamp": "13"
  },
  {
    "type": "user_transaction",
    "version": "26",
    "hash": "0x0bd0351914eaf0812f90966fc1cb94d4d1aec77dd3b524d5a13c57447334e451",
    "state_root_hash": "0x76c743f46b09110dc35a06ac552551614ba9b06af39dd5e3178d49d148589295",
    "event_root_hash": "0x414343554d554c41544f525f504c414345484f4c4445525f4841534800000000",
    "gas_used": "98",
    "success": true,
    "vm_status": "Executed successfully",
    "accumulator_root_hash": "0x82a20d145de2fac7feca4dc166f3807504d6de016db890728646b80d32ddf4a7",
    "sender": "0xa550c18",
    "sequence_number": "12",
    "max_gas_amount": "1000",
    "gas_unit_price": "0",
    "gas_currency_code": "XUS",
    "expiration_timestamp_secs": "18446744073709551615",
    "payload": {
      "type": "script_function_payload",
      "function": "0x1::AptosAccount::create_account",
      "type_arguments": [],
      "arguments": [
        "0x811a29fed994d121a6d1a8d422a73ddfaa9cef6cf313477409c6ca6462bdbec"
      ]
    },
    "signature": {
      "type": "ed25519_signature",
      "public_key": "0xb9c6ee1630ef3e711144a648db06bbb2284f7274cfbee53ffcee503cc1a49200",
      "signature": "0xf685f93e84cc502dcdbdf7e9de30d17079fcf4a1bfb78839c37b4d8de8a896129a6a47f6f80df4232f5adfbe459b9fd57eef6c7bbfa1d9e3e427e36baa0a2e0f"
    },
    "events": [],
    "timestamp": "13"
  },
  {
    "type": "block_metadata_transaction",
    "version": "27",
    "hash": "0xacb5e69631257947d0bdb5453e02de7f760e27c7432f53e41950a959f73f3cc1",
    "state_root_hash": "0xf872a04870e83b804047547cededd0734e5cac2226204e9495a88b302c9d92a2",
    "event_root_hash": "0x0705a795230d060400e635f254aea3c6325d1abebc2f9a5e4554356ccf67ecee",
    "gas_used": "0",
    "success": true,
    "vm_status": "Executed successfully",
    "accumulator_root_hash": "0xb9ec100069421d570c60e9cdc0d5b05420a6fbdd7b5a1a6fe3b29580f6e54dee",
    "id": "0x80ec4f332f4d1a6742c537f2bb32473b01b1dcb1caac942722a4787bb185e479",
    "round": "1",
    "previous_block_votes": [],
    "proposer": "0xf85fd00e30cd388d2609db24d6cc44f2652f27413456938eaa059f65231647cc",
    "timestamp": "14"
  },
  {
    "type": "user_transaction",
    "version": "28",
    "hash": "0x27e4241599227c1a48b625ce244b60c9053422f819f311c43db85de55fa1ac99",
    "state_root_hash": "0x7ccf7a7d9867d935785b40a9b2d6bc22b96a66b0cfbf7d85e4f463ccb423eb48",
    "event_root_hash": "0x414343554d554c41544f525f504c414345484f4c4445525f4841534800000000",
    "gas_used": "98",
    "success": true,
    "vm_status": "Executed successfully",
    "accumulator_root_hash": "0x3a9c26fc9c33ea441ee3bb100558d2df7515ecd9960b18bf8cac853fc82ce9d3",
    "sender": "0xa550c18",
    "sequence_number": "13",
    "max_gas_amount": "1000",
    "gas_unit_price": "0",
    "gas_currency_code": "XUS",
    "expiration_timestamp_secs": "18446744073709551615",
    "payload": {
      "type": "script_function_payload",
      "function": "0x1::AptosAccount::create_account",
      "type_arguments": [],
      "arguments": [
        "0x2466e5bfe75e3531bf24c8aa25074f165b997e19c80a36a9eccea767b263f2a4"
      ]
    },
    "signature": {
      "type": "ed25519_signature",
      "public_key": "0xb9c6ee1630ef3e711144a648db06bbb2284f7274cfbee53ffcee503cc1a49200",
      "signature": "0x355312e27494c84c3bfa75a9b6610acda59374983b509cfa99d2c02268bb8e306d64f2cdfe72f99f57cfc783cfb7213a0851660a917615acf68589dabe1abf04"
    },
    "events": [],
    "timestamp": "14"
  },
  {
    "type": "block_metadata_transaction",
    "version": "29",
    "hash": "0xcd0ef18ec2388d7e92564fb7d68b5c3c1bb21cf5c52ea27b19b40ee78c561c94",
    "state_root_hash": "0x85fea3ddae0b50e6e931373d2212524fbde275f11e44dca877c16c3a7c8fe789",
    "event_root_hash": "0xe983a92b7c4b5440b045e59d64cff9044536782ab5b6c6089e1cfe05ffb50218",
    "gas_used": "0",
    "success": true,
    "vm_status": "Executed successfully",
    "accumulator_root_hash": "0x0d8fddb5739f7815d92044000264cb4b2d44e9423cf8b4dec761cd81a5b34713",
    "id": "0x842f736ab973e87f53b4857842789a1dd59167629b3c5cabe47dbf48827ec081",
    "round": "1",
    "previous_block_votes": [],
    "proposer": "0xf85fd00e30cd388d2609db24d6cc44f2652f27413456938eaa059f65231647cc",
    "timestamp": "15"
  },
  {
    "type": "user_transaction",
    "version": "30",
    "hash": "0x1644a64b885f1a7c46d2897825076394ded0e33e1863300aa826d256cbf9d31f",
    "state_root_hash": "0x3902f822aa3b4da896ef462e9ed5a24a254a594c5ebbd51e03384392b7f24f92",
    "event_root_hash": "0x414343554d554c41544f525f504c414345484f4c4445525f4841534800000000",
    "gas_used": "98",
    "success": true,
    "vm_status": "Executed successfully",
    "accumulator_root_hash": "0x632d61a703c2f46df6b04a45d78ccf4c23696e92bac818ee70b950fd56b1fccf",
    "sender": "0xa550c18",
    "sequence_number": "14",
    "max_gas_amount": "1000",
    "gas_unit_price": "0",
    "gas_currency_code": "XUS",
    "expiration_timestamp_secs": "18446744073709551615",
    "payload": {
      "type": "script_function_payload",
      "function": "0x1::AptosAccount::create_account",
      "type_arguments": [],
      "arguments": [
        "0xe6729b2cdb9dd280cefaa1121c496e82e94a75bf429a1e83bc2f5f605780c345"
      ]
    },
    "signature": {
      "type": "ed25519_signature",
      "public_key": "0xb9c6ee1630ef3e711144a648db06bbb2284f7274cfbee53ffcee503cc1a49200",
      "signature": "0x19066d3123c3c2fbe6548bba799be100d783ffac1d893b2aab5fb7b5023d4df0233abeef9738b3267652c60f8a531de450dd0eb80fbc36742adcd5eac90c5e08"
    },
    "events": [],
    "timestamp": "15"
  },
  {
    "type": "block_metadata_transaction",
    "version": "31",
    "hash": "0xe7c21dbd27d48c1c39e2b0e232e7ae5c92dbed02adc5dd45f8f4afa3759198d4",
    "state_root_hash": "0x602fb33527e18a16fb5985bec86a21acbc294401dc7a0f0713f1ae52da7cb8fe",
    "event_root_hash": "0x65d9c64fc0037bcbc4d77763204f191e92635cc864e3da1ab60b9665368c9371",
    "gas_used": "0",
    "success": true,
    "vm_status": "Executed successfully",
    "accumulator_root_hash": "0x5d90a02b4c807f21473065705305dad578d489ba0b064eb305a00152393b9c1a",
    "id": "0x3beda43d6e9f9b1b1bc44cdfce3574e7f7f0b2de2323a06ebc356bad614726b3",
    "round": "1",
    "previous_block_votes": [],
    "proposer": "0xf85fd00e30cd388d2609db24d6cc44f2652f27413456938eaa059f65231647cc",
    "timestamp": "16"
  },
  {
    "type": "user_transaction",
    "version": "32",
    "hash": "0xe35ea8de24e9a8fa0e862000a4eb737d0817f950b21134507baffa72f2d506df",
    "state_root_hash": "0xc0d05c92b6924fee061798da7caaf4b40f606efd95bd1748159f1de4a9c1afa0",
    "event_root_hash": "0x414343554d554c41544f525f504c414345484f4c4445525f4841534800000000",
    "gas_used": "98",
    "success": true,
    "vm_status": "Executed successfully",
    "accumulator_root_hash": "0x13e16b82fd3e992708063b6a3274329b7d0967a7011094d0770526b8446e1873",
    "sender": "0xa550c18",
    "sequence_number": "15",
    "max_gas_amount": "1000",
    "gas_unit_price": "0",
    "gas_currency_code": "XUS",
    "expiration_timestamp_secs": "18446744073709551615",
    "payload": {
      "type": "script_function_payload",
      "function": "0x1::AptosAccount::create_account",
      "type_arguments": [],
      "arguments": [
        "0xbc8b6a81cd04f4de0119ff7ab7ec5eb28797e5ab659071fc7f4ed8285963fbbc"
      ]
    },
    "signature": {
      "type": "ed25519_signature",
      "public_key": "0xb9c6ee1630ef3e711144a648db06bbb2284f7274cfbee53ffcee503cc1a49200",
      "signature": "0xb0dc297186b69d0bddae954885b72559af513c110256f62860e08ce97d8a4e65c1583d1472ad52241656d69d24f255ce9d979f7c15d3e654de85b71223df8d0a"
    },
    "events": [],
    "timestamp": "16"
  },
  {
    "type": "block_metadata_transaction",
    "version": "33",
    "hash": "0x024ded6930a59f0bab79f57ad6b7d21ca11b47ffbf85736ff221c255669202d4",
    "state_root_hash": "0xa8ded5be4f04241633f8b18277b398fa079492a634df112367df246641f55f06",
    "event_root_hash": "0x20747e0a553e9e055902d419f76f38004ba4d751fbe959c32c1ff6c4a982d578",
    "gas_used": "0",
    "success": true,
    "vm_status": "Executed successfully",
    "accumulator_root_hash": "0xfa1831ae4d15edcf2dad84360057d918f0c6c5513bdcc0b3d2463be72a71e9c9",
    "id": "0x755687120a7c6df2389c373c8fbe06bda7a61120652668dd5687fee73fac7a2c",
    "round": "1",
    "previous_block_votes": [],
    "proposer": "0xf85fd00e30cd388d2609db24d6cc44f2652f27413456938eaa059f65231647cc",
    "timestamp": "17"
  },
  {
    "type": "user_transaction",
    "version": "34",
    "hash": "0x6ccda040c8a8af74214cc2ca899b80395303f4ec816176fc1535cb14f86f067a",
    "state_root_hash": "0x9f0af20806bcc9bdf8523e74721c617b34b0868a81d2555bdfd30b8d6342c38c",
    "event_root_hash": "0x414343554d554c41544f525f504c414345484f4c4445525f4841534800000000",
    "gas_used": "98",
    "success": true,
    "vm_status": "Executed successfully",
    "accumulator_root_hash": "0x57e19cc1120a1485e4391c84c7fb5ab9b82fb3c46fc9ad990a4dd6f82a090424",
    "sender": "0xa550c18",
    "sequence_number": "16",
    "max_gas_amount": "1000",
    "gas_unit_price": "0",
    "gas_currency_code": "XUS",
    "expiration_timestamp_secs": "18446744073709551615",
    "payload": {
      "type": "script_function_payload",
      "function": "0x1::AptosAccount::create_account",
      "type_arguments": [],
      "arguments": [
        "0x3a005a7fa8e1c2fdab97247be839d548711d07e26b682d3f8b6bb9f6fa804332"
      ]
    },
    "signature": {
      "type": "ed25519_signature",
      "public_key": "0xb9c6ee1630ef3e711144a648db06bbb2284f7274cfbee53ffcee503cc1a49200",
      "signature": "0x31c125b7c689070a7c32516a9d5ba77c2cf169da36f27c9370b96bf8b134ce57a427b043c1f5af799e8dc3db1bd54901bdad18c5b2f3ce695bccbf9d11f8b603"
    },
    "events": [],
    "timestamp": "17"
  },
  {
    "type": "block_metadata_transaction",
    "version": "35",
    "hash": "0xa7507dd24e0c31f630087d85c5ffdb72e4352ab70020ae31044d6be77ea72a13",
    "state_root_hash": "0x1b87ab41c8dc2b3d20246a3032b2007ffa05e348bf5b1c9db2795b5df0a91999",
    "event_root_hash": "0x239c9fd4aed1dc852e6bd817282c845600d5f578ab140a267d50ffb5d365bf7a",
    "gas_used": "0",
    "success": true,
    "vm_status": "Executed successfully",
    "accumulator_root_hash": "0x72b8c3f38ad3e4c0bb706908849ef038cfd3936c0eeeec78f86e680cbb2eb3c7",
    "id": "0x430d191fbc937d42f74104aa291871f4b9d120f76583a1da5d1123f2b8a0ac60",
    "round": "1",
    "previous_block_votes": [],
    "proposer": "0xf85fd00e30cd388d2609db24d6cc44f2652f27413456938eaa059f65231647cc",
    "timestamp": "18"
  },
  {
    "type": "user_transaction",
    "version": "36",
    "hash": "0x517863ab9d4e9fa0bb899557b94883f6ca4fa48d3be2943ab4bc3c77c6cdaca8",
    "state_root_hash": "0x023de8cf61325564e2fe09b768d0ac4e5b287b9fd17c1c024795f2375bad3c42",
    "event_root_hash": "0x414343554d554c41544f525f504c414345484f4c4445525f4841534800000000",
    "gas_used": "98",
    "success": true,
    "vm_status": "Executed successfully",
    "accumulator_root_hash": "0x9a512068fb080d5fff1c4069db2c646918130c4ac8115b7df1eabac33b123fea",
    "sender": "0xa550c18",
    "sequence_number": "17",
    "max_gas_amount": "1000",
    "gas_unit_price": "0",
    "gas_currency_code": "XUS",
    "expiration_timestamp_secs": "18446744073709551615",
    "payload": {
      "type": "script_function_payload",
      "function": "0x1::AptosAccount::create_account",
      "type_arguments": [],
      "arguments": [
        "0x73cb8245b462c25d2c0792576c83f26a66456c6c26ed271769be71ec85920331"
      ]
    },
    "signature": {
      "type": "ed25519_signature",
      "public_key": "0xb9c6ee1630ef3e711144a648db06bbb2284f7274cfbee53ffcee503cc1a49200",
      "signature": "0x2ecfd8bbec2cd58f3b760ceca5abac4a915fc2ab7c2354e5f340135f2592109a005288e69d78bb647f56308ee6bb2a8e1d1bf8c9b0763dcd685691e7832a2d0d"
    },
    "events": [],
    "timestamp": "18"
  },
  {
    "type": "block_metadata_transaction",
    "version": "37",
    "hash": "0x12a953e6b6bcd5bac5cf670f018ec1a1f4b918a3e8a6c7398fdf3f935dae6b48",
    "state_root_hash": "0xa150db929245a7b85ab4da5ca008bee65a2e2ecfbad6f52a233fe68cf5961fb0",
    "event_root_hash": "0x0fb2cd74861c38ca95112f194e496f084333fb444284b1005e7eb9ed061c0ecb",
    "gas_used": "0",
    "success": true,
    "vm_status": "Executed successfully",
    "accumulator_root_hash": "0xfc036a6cbb6be5d1ab596381a185fd3d4e2d7246bb68422499b3b93e0a09de3b",
    "id": "0x2af5203112331adc2ed6f402dca396bfe6dfa3ac8a57ea08860870fd515cf7ca",
    "round": "1",
    "previous_block_votes": [],
    "proposer": "0xf85fd00e30cd388d2609db24d6cc44f2652f27413456938eaa059f65231647cc",
    "timestamp": "19"
  },
  {
    "type": "user_transaction",
    "version": "38",
    "hash": "0x7bcbe4c0a921747a6cc4a2d094923cfacef2875619d2c31ef06df8a55432995a",
    "state_root_hash": "0x393576c3b234268425481e80224c8f2b08c9c47f3bdd57a9fe06fdd37bb2416a",
    "event_root_hash": "0x414343554d554c41544f525f504c414345484f4c4445525f4841534800000000",
    "gas_used": "98",
    "success": true,
    "vm_status": "Executed successfully",
    "accumulator_root_hash": "0xa19ca7da62d4fa4dd5f5c8deded79023f4f3196d4ccb51c026cc1be3d98a1c4f",
    "sender": "0xa550c18",
    "sequence_number": "18",
    "max_gas_amount": "1000",
    "gas_unit_price": "0",
    "gas_currency_code": "XUS",
    "expiration_timestamp_secs": "18446744073709551615",
    "payload": {
      "type": "script_function_payload",
      "function": "0x1::AptosAccount::create_account",
      "type_arguments": [],
      "arguments": [
        "0xb8e26002ab0e7a0849cb7c9618faa67dbd7c2167f944102d2dd80ab33f8491b2"
      ]
    },
    "signature": {
      "type": "ed25519_signature",
      "public_key": "0xb9c6ee1630ef3e711144a648db06bbb2284f7274cfbee53ffcee503cc1a49200",
      "signature": "0xb96b02a11d0a8a736d8b514e3b3975952837a67377e7b6573f7892243989e3bcd824cf3e2fbb4aac499cbe31cfcd859c746c1d4abdcf008f5f57e674850af20d"
    },
    "events": [],
    "timestamp": "19"
  },
  {
    "type": "block_metadata_transaction",
    "version": "39",
    "hash": "0x2b9f44dbdcf4cb278e5e49d6981385801f6cbcfd0e5b6854537094b04f4f95f5",
    "state_root_hash": "0xd8dc7c441ef0a774d2ef5ae6e38552086cc6b6e6177a29a3abdbf81f7f49f882",
    "event_root_hash": "0xa478d3f1b71522bd300aeff7b6d0838796c8b5d21226303ae99d4ada6981e19e",
    "gas_used": "0",
    "success": true,
    "vm_status": "Executed successfully",
    "accumulator_root_hash": "0x76ece8d71922f9d74173825b7d451c39836c61c598312dcada3cbb13db61989c",
    "id": "0xe451cd3c364076623c0231898be0722c08e4eb229c44cb957d29cf7370af8a1b",
    "round": "1",
    "previous_block_votes": [],
    "proposer": "0xf85fd00e30cd388d2609db24d6cc44f2652f27413456938eaa059f65231647cc",
    "timestamp": "20"
  }
]
