[["100000"],{"message":"Function 0000000000000000000000000000000000000000000000000000000000000001::coin::decimals is not allowed","error_code":"invalid_input","vm_error_code":null}]