{
  "message": "The given transaction is invalid: Failed to parse transaction payload: expected 1 arguments [string<address>], but got 0 ([])",
  "error_code": "invalid_input",
  "vm_error_code": null
}
