{
  "deprioritized_gas_estimate": 1,
  "gas_estimate": 1,
  "prioritized_gas_estimate": 150
}
