{
  "message": "Deserialization error, field(epoch) type is not a EventHandle struct",
  "error_code": "invalid_input",
  "vm_error_code": null
}
