{
  "type": "pending_transaction",
  "hash": "0xe2da564dd4cc390409547bcbcf328dae17e5138e5ad0364f22fa5601958ba92c",
  "sender": "0xa550c18",
  "sequence_number": "0",
  "max_gas_amount": "1000",
  "gas_unit_price": "0",
  "gas_currency_code": "XUS",
  "expiration_timestamp_secs": "18446744073709551615",
  "payload": {
    "type": "script_function_payload",
    "function": "0x1::AptosAccount::create_account",
    "type_arguments": [],
    "arguments": [
      "0xe60912ecb0a8c365d163d258f3b9f1b62f8f9148c207643864d7ed4a2b23159",
      "0xafb4905e9550cf462a82007824a055d975ae934470c477d9ddbb6d2b264c36fa00"
    ]
  },
  "signature": {
    "type": "ed25519_signature",
    "public_key": "0xb9c6ee1630ef3e711144a648db06bbb2284f7274cfbee53ffcee503cc1a49200",
    "signature": "0x021450fbdc137e1c7ba154aad80a2c0d25a13ee1b131b7ce0d3975b6d0ef603ae575f1a1e34d820548474b6e2fc118922013ca9b71859e2efdbdb70982a4160e"
  }
}
