{
  "sequence_number": "0",
  "authentication_key": "0x8e0d19280063fa870fe4dbb85cc724091a398451c5c11e1e76e64cdc7b588510"
}
