{
  "public_keys": [
    {
      "value": "0x049b8327d929a0e45285c04d19c9fffbee065c266b701972922d807228120e43f34ad68ac77f6ec0205fe39f7c5b6055dad973a03464a3a743302de0feaf6ec6d9",
      "type": "secp256k1_ecdsa"
    }
  ],
  "signatures": [
    {
      "index": 0,
      "signature": {
        "value": "0xd1c84463d33b27977431b60664b36c6c1717569b1fbe2f9808c1e78f36958ae71a2b59a7c062e9491c12e69e25e3d3f82253a4efd1c1857b3695ff1b9050c5e4",
        "type": "secp256k1_ecdsa"
      }
    }
  ],
  "signatures_required": 1,
  "type": "single_sender"
}
