{
  "type": "pending_transaction",
  "hash": "",
  "sender": "0xa550c18",
  "sequence_number": "0",
  "max_gas_amount": "4000000",
  "gas_unit_price": "0",
  "expiration_timestamp_secs": "18446744073709551615",
  "payload": {
    "type": "script_function_payload",
    "function": "0x1::account::create_account",
    "type_arguments": [],
    "arguments": [
      "0x34bf7e2d17674feb234371a7ea58efd715f0e56ba20ebf13789480d9d643afaf"
    ]
  },
  "signature": {
    "type": "ed25519_signature",
    "public_key": "0x14418f867a0bd6d42abb2daa50cd68a5a869ce208282481f57504f630510d0d3",
    "signature": "0x04f1d9fc30e4a767eaae37430f83bf99999f57c589677e4bacce6f1cba3b2d4be49e534bd5ab0c50766a53c529a8ed986045aee884bd3767d61eeedebb79e803"
  }
}
