{
  "code": 404,
  "message": "resource not found by address(0x1), struct tag(0x1::reconfiguration::NotFound) and ledger version(0)",
  "aptos_ledger_version": "0"
}
