{
  "type": "user_transaction",
  "version": "2",
  "hash": "",
  "state_root_hash": "",
  "event_root_hash": "",
  "gas_used": "600",
  "success": false,
  "vm_status": "Transaction Executed and Committed with Error CODE_DESERIALIZATION_ERROR",
  "accumulator_root_hash": "",
  "changes": [
    {
      "type": "write_resource",
      "address": "0xa550c18",
      "state_key_hash": "",
      "data": {
        "type": "0x1::account::Account",
        "data": {
          "authentication_key": "0xcef8ffd1ab9017e96132df8a56b22de39a8155e1c3fc32affbbf93eb624b532a",
          "coin_register_events": {
            "counter": "0",
            "guid": {
              "id": {
                "addr": "0xa550c18",
                "creation_num": "0"
              }
            }
          },
          "self_address": "0xa550c18",
          "sequence_number": "1"
        }
      }
    }
  ],
  "sender": "0xa550c18",
  "sequence_number": "0",
  "max_gas_amount": "4000000",
  "gas_unit_price": "0",
  "expiration_timestamp_secs": "18446744073709551615",
  "payload": {
    "type": "script_payload",
    "code": {
      "bytecode": "0xa11ceb0b030000",
      "abi": null
    },
    "type_arguments": [],
    "arguments": []
  },
  "signature": {
    "type": "ed25519_signature",
    "public_key": "0x14418f867a0bd6d42abb2daa50cd68a5a869ce208282481f57504f630510d0d3",
    "signature": "0x0bfa9f63e494724ef8cf3101978632c2742cd78e61d726ac630105c60b18ac11beeb751ca8db7ed32841063770710ed8fdf4fd9494f1bf5479db8663d4a7bc05"
  },
  "events": [],
  "timestamp": "1"
}
